Archive member included to satisfy reference by file (symbol)

c:/st/stm32cubeide_1.10.0/stm32cubeide/plugins/com.st.stm32cube.ide.mcu.externaltools.gnu-tools-for-stm32.10.3-2021.10.win32_1.0.0.202111181127/tools/bin/../lib/gcc/arm-none-eabi/10.3.1/../../../../arm-none-eabi/lib/thumb/v7e-m+fp/hard\libc_nano.a(lib_a-errno.o)
                              ./Core/Src/syscalls.o (__errno)
c:/st/stm32cubeide_1.10.0/stm32cubeide/plugins/com.st.stm32cube.ide.mcu.externaltools.gnu-tools-for-stm32.10.3-2021.10.win32_1.0.0.202111181127/tools/bin/../lib/gcc/arm-none-eabi/10.3.1/../../../../arm-none-eabi/lib/thumb/v7e-m+fp/hard\libc_nano.a(lib_a-exit.o)
                              c:/st/stm32cubeide_1.10.0/stm32cubeide/plugins/com.st.stm32cube.ide.mcu.externaltools.gnu-tools-for-stm32.10.3-2021.10.win32_1.0.0.202111181127/tools/bin/../lib/gcc/arm-none-eabi/10.3.1/../../../../arm-none-eabi/lib/thumb/v7e-m+fp/hard/crt0.o (exit)
c:/st/stm32cubeide_1.10.0/stm32cubeide/plugins/com.st.stm32cube.ide.mcu.externaltools.gnu-tools-for-stm32.10.3-2021.10.win32_1.0.0.202111181127/tools/bin/../lib/gcc/arm-none-eabi/10.3.1/../../../../arm-none-eabi/lib/thumb/v7e-m+fp/hard\libc_nano.a(lib_a-findfp.o)
                              ./Middlewares/Third_Party/FreeRTOS/Source/tasks.o (__sf_fake_stderr)
c:/st/stm32cubeide_1.10.0/stm32cubeide/plugins/com.st.stm32cube.ide.mcu.externaltools.gnu-tools-for-stm32.10.3-2021.10.win32_1.0.0.202111181127/tools/bin/../lib/gcc/arm-none-eabi/10.3.1/../../../../arm-none-eabi/lib/thumb/v7e-m+fp/hard\libc_nano.a(lib_a-fwalk.o)
                              c:/st/stm32cubeide_1.10.0/stm32cubeide/plugins/com.st.stm32cube.ide.mcu.externaltools.gnu-tools-for-stm32.10.3-2021.10.win32_1.0.0.202111181127/tools/bin/../lib/gcc/arm-none-eabi/10.3.1/../../../../arm-none-eabi/lib/thumb/v7e-m+fp/hard\libc_nano.a(lib_a-findfp.o) (_fwalk)
c:/st/stm32cubeide_1.10.0/stm32cubeide/plugins/com.st.stm32cube.ide.mcu.externaltools.gnu-tools-for-stm32.10.3-2021.10.win32_1.0.0.202111181127/tools/bin/../lib/gcc/arm-none-eabi/10.3.1/../../../../arm-none-eabi/lib/thumb/v7e-m+fp/hard\libc_nano.a(lib_a-fwrite.o)
                              ./Core/Src/tof.o (fwrite)
c:/st/stm32cubeide_1.10.0/stm32cubeide/plugins/com.st.stm32cube.ide.mcu.externaltools.gnu-tools-for-stm32.10.3-2021.10.win32_1.0.0.202111181127/tools/bin/../lib/gcc/arm-none-eabi/10.3.1/../../../../arm-none-eabi/lib/thumb/v7e-m+fp/hard\libc_nano.a(lib_a-impure.o)
                              c:/st/stm32cubeide_1.10.0/stm32cubeide/plugins/com.st.stm32cube.ide.mcu.externaltools.gnu-tools-for-stm32.10.3-2021.10.win32_1.0.0.202111181127/tools/bin/../lib/gcc/arm-none-eabi/10.3.1/../../../../arm-none-eabi/lib/thumb/v7e-m+fp/hard\libc_nano.a(lib_a-exit.o) (_global_impure_ptr)
c:/st/stm32cubeide_1.10.0/stm32cubeide/plugins/com.st.stm32cube.ide.mcu.externaltools.gnu-tools-for-stm32.10.3-2021.10.win32_1.0.0.202111181127/tools/bin/../lib/gcc/arm-none-eabi/10.3.1/../../../../arm-none-eabi/lib/thumb/v7e-m+fp/hard\libc_nano.a(lib_a-init.o)
                              c:/st/stm32cubeide_1.10.0/stm32cubeide/plugins/com.st.stm32cube.ide.mcu.externaltools.gnu-tools-for-stm32.10.3-2021.10.win32_1.0.0.202111181127/tools/bin/../lib/gcc/arm-none-eabi/10.3.1/../../../../arm-none-eabi/lib/thumb/v7e-m+fp/hard/crt0.o (__libc_init_array)
c:/st/stm32cubeide_1.10.0/stm32cubeide/plugins/com.st.stm32cube.ide.mcu.externaltools.gnu-tools-for-stm32.10.3-2021.10.win32_1.0.0.202111181127/tools/bin/../lib/gcc/arm-none-eabi/10.3.1/../../../../arm-none-eabi/lib/thumb/v7e-m+fp/hard\libc_nano.a(lib_a-lock.o)
                              c:/st/stm32cubeide_1.10.0/stm32cubeide/plugins/com.st.stm32cube.ide.mcu.externaltools.gnu-tools-for-stm32.10.3-2021.10.win32_1.0.0.202111181127/tools/bin/../lib/gcc/arm-none-eabi/10.3.1/../../../../arm-none-eabi/lib/thumb/v7e-m+fp/hard\libc_nano.a(lib_a-findfp.o) (__retarget_lock_init_recursive)
c:/st/stm32cubeide_1.10.0/stm32cubeide/plugins/com.st.stm32cube.ide.mcu.externaltools.gnu-tools-for-stm32.10.3-2021.10.win32_1.0.0.202111181127/tools/bin/../lib/gcc/arm-none-eabi/10.3.1/../../../../arm-none-eabi/lib/thumb/v7e-m+fp/hard\libc_nano.a(lib_a-memcpy-stub.o)
                              ./Middlewares/Third_Party/FreeRTOS/Source/queue.o (memcpy)
c:/st/stm32cubeide_1.10.0/stm32cubeide/plugins/com.st.stm32cube.ide.mcu.externaltools.gnu-tools-for-stm32.10.3-2021.10.win32_1.0.0.202111181127/tools/bin/../lib/gcc/arm-none-eabi/10.3.1/../../../../arm-none-eabi/lib/thumb/v7e-m+fp/hard\libc_nano.a(lib_a-memset.o)
                              c:/st/stm32cubeide_1.10.0/stm32cubeide/plugins/com.st.stm32cube.ide.mcu.externaltools.gnu-tools-for-stm32.10.3-2021.10.win32_1.0.0.202111181127/tools/bin/../lib/gcc/arm-none-eabi/10.3.1/../../../../arm-none-eabi/lib/thumb/v7e-m+fp/hard/crt0.o (memset)
[...]
Memory Configuration

Name             Origin             Length             Attributes
RAM              0x0000000020000000 0x0000000000018000 xrw
FLASH            0x0000000008000000 0x0000000000080000 xr
*default*        0x0000000000000000 0xffffffffffffffff

Linker script and memory map

LOAD c:/st/stm32cubeide_1.10.0/stm32cubeide/plugins/com.st.stm32cube.ide.mcu.externaltools.gnu-tools-for-stm32.10.3-2021.10.win32_1.0.0.202111181127/tools/bin/../lib/gcc/arm-none-eabi/10.3.1/thumb/v7e-m+fp/hard/crti.o
LOAD c:/st/stm32cubeide_1.10.0/stm32cubeide/plugins/com.st.stm32cube.ide.mcu.externaltools.gnu-tools-for-stm32.10.3-2021.10.win32_1.0.0.202111181127/tools/bin/../lib/gcc/arm-none-eabi/10.3.1/thumb/v7e-m+fp/hard/crtbegin.o
LOAD c:/st/stm32cubeide_1.10.0/stm32cubeide/plugins/com.st.stm32cube.ide.mcu.externaltools.gnu-tools-for-stm32.10.3-2021.10.win32_1.0.0.202111181127/tools/bin/../lib/gcc/arm-none-eabi/10.3.1/../../../../arm-none-eabi/lib/thumb/v7e-m+fp/hard/crt0.o
LOAD ./Core/Src/freertos.o
LOAD ./Core/Src/main.o
LOAD ./Core/Src/stm32f4xx_hal_msp.o
LOAD ./Core/Src/stm32f4xx_it.o
LOAD ./Core/Src/syscalls.o
LOAD ./Core/Src/sysmem.o
LOAD ./Core/Src/system_stm32f4xx.o
LOAD ./Core/Src/tof.o
LOAD ./Core/Startup/startup_stm32f401retx.o
LOAD ./Drivers/STM32F4xx_HAL_Driver/Src/stm32f4xx_hal.o
LOAD ./Drivers/STM32F4xx_HAL_Driver/Src/stm32f4xx_hal_adc.o
LOAD ./Drivers/STM32F4xx_HAL_Driver/Src/stm32f4xx_hal_adc_ex.o
LOAD ./Drivers/STM32F4xx_HAL_Driver/Src/stm32f4xx_hal_cortex.o
LOAD ./Drivers/STM32F4xx_HAL_Driver/Src/stm32f4xx_hal_dma.o
LOAD ./Drivers/STM32F4xx_HAL_Driver/Src/stm32f4xx_hal_dma_ex.o
LOAD ./Drivers/STM32F4xx_HAL_Driver/Src/stm32f4xx_hal_exti.o
LOAD ./Drivers/STM32F4xx_HAL_Driver/Src/stm32f4xx_hal_flash.o
LOAD ./Drivers/STM32F4xx_HAL_Driver/Src/stm32f4xx_hal_flash_ex.o
LOAD ./Drivers/STM32F4xx_HAL_Driver/Src/stm32f4xx_hal_flash_ramfunc.o
LOAD ./Drivers/STM32F4xx_HAL_Driver/Src/stm32f4xx_hal_gpio.o
LOAD ./Drivers/STM32F4xx_HAL_Driver/Src/stm32f4xx_hal_i2c.o
LOAD ./Drivers/STM32F4xx_HAL_Driver/Src/stm32f4xx_hal_i2c_ex.o
LOAD ./Drivers/STM32F4xx_HAL_Driver/Src/stm32f4xx_hal_pwr.o
LOAD ./Drivers/STM32F4xx_HAL_Driver/Src/stm32f4xx_hal_pwr_ex.o
LOAD ./Drivers/STM32F4xx_HAL_Driver/Src/stm32f4xx_hal_rcc.o
LOAD ./Drivers/STM32F4xx_HAL_Driver/Src/stm32f4xx_hal_rcc_ex.o
LOAD ./Drivers/STM32F4xx_HAL_Driver/Src/stm32f4xx_hal_tim.o
LOAD ./Drivers/STM32F4xx_HAL_Driver/Src/stm32f4xx_hal_tim_ex.o
LOAD ./Drivers/STM32F4xx_HAL_Driver/Src/stm32f4xx_hal_uart.o
LOAD ./Drivers/STM32F4xx_HAL_Driver/Src/stm32f4xx_ll_adc.o
LOAD ./Middlewares/Third_Party/FreeRTOS/Source/CMSIS_RTOS/cmsis_os.o
LOAD ./Middlewares/Third_Party/FreeRTOS/Source/croutine.o
LOAD ./Middlewares/Third_Party/FreeRTOS/Source/event_groups.o
LOAD ./Middlewares/Third_Party/FreeRTOS/Source/list.o
LOAD ./Middlewares/Third_Party/FreeRTOS/Source/queue.o
LOAD ./Middlewares/Third_Party/FreeRTOS/Source/stream_buffer.o
LOAD ./Middlewares/Third_Party/FreeRTOS/Source/tasks.o
LOAD ./Middlewares/Third_Party/FreeRTOS/Source/timers.o
LOAD ./Middlewares/Third_Party/FreeRTOS/Source/portable/GCC/ARM_CM4F/port.o
LOAD ./Middlewares/Third_Party/FreeRTOS/Source/portable/MemMang/heap_4.o
START GROUP
LOAD c:/st/stm32cubeide_1.10.0/stm32cubeide/plugins/com.st.stm32cube.ide.mcu.externaltools.gnu-tools-for-stm32.10.3-2021.10.win32_1.0.0.202111181127/tools/bin/../lib/gcc/arm-none-eabi/10.3.1/../../../../arm-none-eabi/lib/thumb/v7e-m+fp/hard\libc_nano.a
LOAD c:/st/stm32cubeide_1.10.0/stm32cubeide/plugins/com.st.stm32cube.ide.mcu.externaltools.gnu-tools-for-stm32.10.3-2021.10.win32_1.0.0.202111181127/tools/bin/../lib/gcc/arm-none-eabi/10.3.1/../../../../arm-none-eabi/lib/thumb/v7e-m+fp/hard\libm.a
END GROUP
START GROUP
LOAD c:/st/stm32cubeide_1.10.0/stm32cubeide/plugins/com.st.stm32cube.ide.mcu.externaltools.gnu-tools-for-stm32.10.3-2021.10.win32_1.0.0.202111181127/tools/bin/../lib/gcc/arm-none-eabi/10.3.1/thumb/v7e-m+fp/hard\libgcc.a
LOAD c:/st/stm32cubeide_1.10.0/stm32cubeide/plugins/com.st.stm32cube.ide.mcu.externaltools.gnu-tools-for-stm32.10.3-2021.10.win32_1.0.0.202111181127/tools/bin/../lib/gcc/arm-none-eabi/10.3.1/../../../../arm-none-eabi/lib/thumb/v7e-m+fp/hard\libc_nano.a
END GROUP
START GROUP
LOAD c:/st/stm32cubeide_1.10.0/stm32cubeide/plugins/com.st.stm32cube.ide.mcu.externaltools.gnu-tools-for-stm32.10.3-2021.10.win32_1.0.0.202111181127/tools/bin/../lib/gcc/arm-none-eabi/10.3.1/thumb/v7e-m+fp/hard\libgcc.a
LOAD c:/st/stm32cubeide_1.10.0/stm32cubeide/plugins/com.st.stm32cube.ide.mcu.externaltools.gnu-tools-for-stm32.10.3-2021.10.win32_1.0.0.202111181127/tools/bin/../lib/gcc/arm-none-eabi/10.3.1/../../../../arm-none-eabi/lib/thumb/v7e-m+fp/hard\libc_nano.a
LOAD c:/st/stm32cubeide_1.10.0/stm32cubeide/plugins/com.st.stm32cube.ide.mcu.externaltools.gnu-tools-for-stm32.10.3-2021.10.win32_1.0.0.202111181127/tools/bin/../lib/gcc/arm-none-eabi/10.3.1/../../../../arm-none-eabi/lib/thumb/v7e-m+fp/hard\libnosys.a
END GROUP
START GROUP
LOAD c:/st/stm32cubeide_1.10.0/stm32cubeide/plugins/com.st.stm32cube.ide.mcu.externaltools.gnu-tools-for-stm32.10.3-2021.10.win32_1.0.0.202111181127/tools/bin/../lib/gcc/arm-none-eabi/10.3.1/thumb/v7e-m+fp/hard\libgcc.a
LOAD c:/st/stm32cubeide_1.10.0/stm32cubeide/plugins/com.st.stm32cube.ide.mcu.externaltools.gnu-tools-for-stm32.10.3-2021.10.win32_1.0.0.202111181127/tools/bin/../lib/gcc/arm-none-eabi/10.3.1/../../../../arm-none-eabi/lib/thumb/v7e-m+fp/hard\libc_nano.a
LOAD c:/st/stm32cubeide_1.10.0/stm32cubeide/plugins/com.st.stm32cube.ide.mcu.externaltools.gnu-tools-for-stm32.10.3-2021.10.win32_1.0.0.202111181127/tools/bin/../lib/gcc/arm-none-eabi/10.3.1/../../../../arm-none-eabi/lib/thumb/v7e-m+fp/hard\libnosys.a
END GROUP
LOAD c:/st/stm32cubeide_1.10.0/stm32cubeide/plugins/com.st.stm32cube.ide.mcu.externaltools.gnu-tools-for-stm32.10.3-2021.10.win32_1.0.0.202111181127/tools/bin/../lib/gcc/arm-none-eabi/10.3.1/thumb/v7e-m+fp/hard/crtend.o
LOAD c:/st/stm32cubeide_1.10.0/stm32cubeide/plugins/com.st.stm32cube.ide.mcu.externaltools.gnu-tools-for-stm32.10.3-2021.10.win32_1.0.0.202111181127/tools/bin/../lib/gcc/arm-none-eabi/10.3.1/thumb/v7e-m+fp/hard/crtn.o
                0x0000000020018000                _estack = (ORIGIN (RAM) + LENGTH (RAM))
                0x0000000000000200                _Min_Heap_Size = 0x200
                0x0000000000000400                _Min_Stack_Size = 0x400

.isr_vector     0x0000000008000000      0x194
                0x0000000008000000                . = ALIGN (0x4)
 *(.isr_vector)
 .isr_vector    0x0000000008000000      0x194 ./Core/Startup/startup_stm32f401retx.o
                0x0000000008000000                g_pfnVectors
                0x0000000008000194                . = ALIGN (0x4)

.text           0x00000000080001a0     0xa358
                0x00000000080001a0                . = ALIGN (0x4)
 *(.text)
 .text          0x00000000080001a0       0x40 c:/st/stm32cubeide_1.10.0/stm32cubeide/plugins/com.st.stm32cube.ide.mcu.externaltools.gnu-tools-for-stm32.10.3-2021.10.win32_1.0.0.202111181127/tools/bin/../lib/gcc/arm-none-eabi/10.3.1/thumb/v7e-m+fp/hard/crtbegin.o
 .text          0x00000000080001e0      0x254 c:/st/stm32cubeide_1.10.0/stm32cubeide/plugins/com.st.stm32cube.ide.mcu.externaltools.gnu-tools-for-stm32.10.3-2021.10.win32_1.0.0.202111181127/tools/bin/../lib/gcc/arm-none-eabi/10.3.1/thumb/v7e-m+fp/hard\libgcc.a(_arm_muldf3.o)
                0x00000000080001e0                __muldf3
                0x00000000080001e0                __aeabi_dmul
 .text          0x0000000008000434      0x378 c:/st/stm32cubeide_1.10.0/stm32cubeide/plugins/com.st.stm32cube.ide.mcu.externaltools.gnu-tools-for-stm32.10.3-2021.10.win32_1.0.0.202111181127/tools/bin/../lib/gcc/arm-none-eabi/10.3.1/thumb/v7e-m+fp/hard\libgcc.a(_arm_addsubdf3.o)
                0x0000000008000434                __aeabi_drsub
                0x000000000800043c                __aeabi_dsub
                0x000000000800043c                __subdf3
                0x0000000008000440                __aeabi_dadd
                0x0000000008000440                __adddf3
                0x00000000080006b8                __floatunsidf
                0x00000000080006b8                __aeabi_ui2d
                0x00000000080006d8                __floatsidf
                0x00000000080006d8                __aeabi_i2d
                0x00000000080006fc                __aeabi_f2d
                0x00000000080006fc                __extendsfdf2
                0x0000000008000740                __floatundidf
                0x0000000008000740                __aeabi_ul2d
                0x0000000008000750                __floatdidf
                0x0000000008000750                __aeabi_l2d
 .text          0x00000000080007ac      0x110 c:/st/stm32cubeide_1.10.0/stm32cubeide/plugins/com.st.stm32cube.ide.mcu.externaltools.gnu-tools-for-stm32.10.3-2021.10.win32_1.0.0.202111181127/tools/bin/../lib/gcc/arm-none-eabi/10.3.1/thumb/v7e-m+fp/hard\libgcc.a(_arm_cmpdf2.o)
                0x00000000080007ac                __gtdf2
                0x00000000080007ac                __gedf2
                0x00000000080007b4                __ltdf2
                0x00000000080007b4                __ledf2
                0x00000000080007bc                __nedf2
                0x00000000080007bc                __eqdf2
                0x00000000080007bc                __cmpdf2
                0x0000000008000838                __aeabi_cdrcmple
                0x0000000008000848                __aeabi_cdcmpeq
                0x0000000008000848                __aeabi_cdcmple
                0x0000000008000858                __aeabi_dcmpeq
                0x000000000800086c                __aeabi_dcmplt
                0x0000000008000880                __aeabi_dcmple
                0x0000000008000894                __aeabi_dcmpge
                0x00000000080008a8                __aeabi_dcmpgt
 .text          0x00000000080008bc       0x50 c:/st/stm32cubeide_1.10.0/stm32cubeide/plugins/com.st.stm32cube.ide.mcu.externaltools.gnu-tools-for-stm32.10.3-2021.10.win32_1.0.0.202111181127/tools/bin/../lib/gcc/arm-none-eabi/10.3.1/thumb/v7e-m+fp/hard\libgcc.a(_arm_fixdfsi.o)
                0x00000000080008bc                __aeabi_d2iz
                0x00000000080008bc                __fixdfsi
 .text          0x000000000800090c       0xa0 c:/st/stm32cubeide_1.10.0/stm32cubeide/plugins/com.st.stm32cube.ide.mcu.externaltools.gnu-tools-for-stm32.10.3-2021.10.win32_1.0.0.202111181127/tools/bin/../lib/gcc/arm-none-eabi/10.3.1/thumb/v7e-m+fp/hard\libgcc.a(_arm_truncdfsf2.o)
                0x000000000800090c                __truncdfsf2
                0x000000000800090c                __aeabi_d2f
 .text          0x00000000080009ac       0x30 c:/st/stm32cubeide_1.10.0/stm32cubeide/plugins/com.st.stm32cube.ide.mcu.externaltools.gnu-tools-for-stm32.10.3-2021.10.win32_1.0.0.202111181127/tools/bin/../lib/gcc/arm-none-eabi/10.3.1/thumb/v7e-m+fp/hard\libgcc.a(_aeabi_uldivmod.o)
                0x00000000080009ac                __aeabi_uldivmod
 .text          0x00000000080009dc      0x2d0 c:/st/stm32cubeide_1.10.0/stm32cubeide/plugins/com.st.stm32cube.ide.mcu.externaltools.gnu-tools-for-stm32.10.3-2021.10.win32_1.0.0.202111181127/tools/bin/../lib/gcc/arm-none-eabi/10.3.1/thumb/v7e-m+fp/hard\libgcc.a(_udivmoddi4.o)
                0x00000000080009dc                __udivmoddi4
 .text          0x0000000008000cac        0x4 c:/st/stm32cubeide_1.10.0/stm32cubeide/plugins/com.st.stm32cube.ide.mcu.externaltools.gnu-tools-for-stm32.10.3-2021.10.win32_1.0.0.202111181127/tools/bin/../lib/gcc/arm-none-eabi/10.3.1/thumb/v7e-m+fp/hard\libgcc.a(_dvmd_tls.o)
                0x0000000008000cac                __aeabi_idiv0
                0x0000000008000cac                __aeabi_ldiv0
 *(.text*)
 .text.vApplicationGetIdleTaskMemory
                0x0000000008000cb0       0x34 ./Core/Src/freertos.o
                0x0000000008000cb0                vApplicationGetIdleTaskMemory
 .text.vApplicationGetTimerTaskMemory
                0x0000000008000ce4       0x34 ./Core/Src/freertos.o
                0x0000000008000ce4                vApplicationGetTimerTaskMemory
 .text.main     0x0000000008000d18      0x200 ./Core/Src/main.o
                0x0000000008000d18                main
 .text.SystemClock_Config
                0x0000000008000f18       0xd4 ./Core/Src/main.o
                0x0000000008000f18                SystemClock_Config
 .text.MX_ADC1_Init
                0x0000000008000fec       0xa4 ./Core/Src/main.o
 .text.MX_I2C1_Init
                0x0000000008001090       0x5c ./Core/Src/main.o
 .text.MX_USART1_UART_Init
                0x00000000080010ec       0x54 ./Core/Src/main.o
 .text.MX_USART2_UART_Init
                0x0000000008001140       0x54 ./Core/Src/main.o
 .text.MX_GPIO_Init
                0x0000000008001194      0x154 ./Core/Src/main.o
 .text.HAL_UART_RxCpltCallback
                0x00000000080012e8      0x2f0 ./Core/Src/main.o
                0x00000000080012e8                HAL_UART_RxCpltCallback
 .text.HAL_GPIO_EXTI_Callback
                0x00000000080015d8       0x74 ./Core/Src/main.o
                0x00000000080015d8                HAL_GPIO_EXTI_Callback
 .text.GetAbsValue
                0x000000000800164c       0x22 ./Core/Src/main.o
                0x000000000800164c                GetAbsValue
 *fill*         0x000000000800166e        0x2 
 .text.configTOF
                0x0000000008001670       0x74 ./Core/Src/main.o
                0x0000000008001670                configTOF
 .text.initSensorsVL53L0X
                0x00000000080016e4       0x48 ./Core/Src/main.o
 .text.ReadADClevel
                0x000000000800172c       0x5c ./Core/Src/main.o
 .text.enableMovingMotors
                0x0000000008001788       0x3c ./Core/Src/main.o
 .text.disableMovingMotors
                0x00000000080017c4       0x3c ./Core/Src/main.o
 .text.enableLifterMotor
                0x0000000008001800       0x18 ./Core/Src/main.o
 .text.disableLifterMotor
                0x0000000008001818       0x18 ./Core/Src/main.o
 .text.enterStopState
                0x0000000008001830       0x3c ./Core/Src/main.o
 .text.enterMovingState
                0x000000000800186c       0x38 ./Core/Src/main.o
 .text.enterPacketState
                0x00000000080018a4       0x40 ./Core/Src/main.o
 .text.setMicrostepping
                0x00000000080018e4       0x90 ./Core/Src/main.o
 .text.SendReleaseMessage
                0x0000000008001974       0x34 ./Core/Src/main.o
 .text.MotorMotionControl
                0x00000000080019a8      0x4dc ./Core/Src/main.o
                0x00000000080019a8                MotorMotionControl
 .text.GetTOFDistance
                0x0000000008001e84       0xbc ./Core/Src/main.o
                0x0000000008001e84                GetTOFDistance
 .text.LifterMotionControl
                0x0000000008001f40       0x48 ./Core/Src/main.o
                0x0000000008001f40                LifterMotionControl
 .text.Error_Handler
                0x0000000008001f88        0xa ./Core/Src/main.o
                0x0000000008001f88                Error_Handler
 *fill*         0x0000000008001f92        0x2 
 .text.HAL_MspInit
                0x0000000008001f94       0x58 ./Core/Src/stm32f4xx_hal_msp.o
                0x0000000008001f94                HAL_MspInit
 .text.HAL_ADC_MspInit
                0x0000000008001fec       0x88 ./Core/Src/stm32f4xx_hal_msp.o
                0x0000000008001fec                HAL_ADC_MspInit
 .text.HAL_I2C_MspInit
                0x0000000008002074       0x90 ./Core/Src/stm32f4xx_hal_msp.o
                0x0000000008002074                HAL_I2C_MspInit
 .text.HAL_UART_MspInit
                0x0000000008002104      0x118 ./Core/Src/stm32f4xx_hal_msp.o
                0x0000000008002104                HAL_UART_MspInit
 .text.NMI_Handler
                0x000000000800221c        0x6 ./Core/Src/stm32f4xx_it.o
                0x000000000800221c                NMI_Handler
 .text.HardFault_Handler
                0x0000000008002222        0x6 ./Core/Src/stm32f4xx_it.o
                0x0000000008002222                HardFault_Handler
 .text.MemManage_Handler
                0x0000000008002228        0x6 ./Core/Src/stm32f4xx_it.o
                0x0000000008002228                MemManage_Handler
 .text.BusFault_Handler
                0x000000000800222e        0x6 ./Core/Src/stm32f4xx_it.o
                0x000000000800222e                BusFault_Handler
 .text.UsageFault_Handler
                0x0000000008002234        0x6 ./Core/Src/stm32f4xx_it.o
                0x0000000008002234                UsageFault_Handler
 .text.DebugMon_Handler
                0x000000000800223a        0xe ./Core/Src/stm32f4xx_it.o
                0x000000000800223a                DebugMon_Handler
 .text.SysTick_Handler
                0x0000000008002248       0x1a ./Core/Src/stm32f4xx_it.o
                0x0000000008002248                SysTick_Handler
 .text.EXTI2_IRQHandler
                0x0000000008002262        0xe ./Core/Src/stm32f4xx_it.o
                0x0000000008002262                EXTI2_IRQHandler
 .text.EXTI3_IRQHandler
                0x0000000008002270        0xe ./Core/Src/stm32f4xx_it.o
                0x0000000008002270                EXTI3_IRQHandler
 *fill*         0x000000000800227e        0x2 
 .text.USART1_IRQHandler
                0x0000000008002280       0x14 ./Core/Src/stm32f4xx_it.o
                0x0000000008002280                USART1_IRQHandler
 .text.USART2_IRQHandler
                0x0000000008002294       0x14 ./Core/Src/stm32f4xx_it.o
                0x0000000008002294                USART2_IRQHandler
 .text._read    0x00000000080022a8       0x3a ./Core/Src/syscalls.o
                0x00000000080022a8                _read
 .text._write   0x00000000080022e2       0x38 ./Core/Src/syscalls.o
                0x00000000080022e2                _write
 .text._close   0x000000000800231a       0x18 ./Core/Src/syscalls.o
                0x000000000800231a                _close
 .text._fstat   0x0000000008002332       0x20 ./Core/Src/syscalls.o
                0x0000000008002332                _fstat
 .text._isatty  0x0000000008002352       0x16 ./Core/Src/syscalls.o
                0x0000000008002352                _isatty
 .text._lseek   0x0000000008002368       0x1a ./Core/Src/syscalls.o
                0x0000000008002368                _lseek
 *fill*         0x0000000008002382        0x2 
 .text._sbrk    0x0000000008002384       0x6c ./Core/Src/sysmem.o
                0x0000000008002384                _sbrk
 .text.SystemInit
                0x00000000080023f0       0x24 ./Core/Src/system_stm32f4xx.o
                0x00000000080023f0                SystemInit
 .text.tofInit  0x0000000008002414       0x20 ./Core/Src/tof.o
                0x0000000008002414                tofInit
 .text.readReg16
                0x0000000008002434       0x5c ./Core/Src/tof.o
 .text.readReg  0x0000000008002490       0x4c ./Core/Src/tof.o
 .text.readMulti
                0x00000000080024dc       0x50 ./Core/Src/tof.o
 .text.writeMulti
                0x000000000800252c       0xc0 ./Core/Src/tof.o
 .text.writeReg16
                0x00000000080025ec       0x48 ./Core/Src/tof.o
 .text.writeReg
                0x0000000008002634       0x3c ./Core/Src/tof.o
 .text.writeRegList
                0x0000000008002670       0x4c ./Core/Src/tof.o
 .text.SetDevAddr
                0x00000000080026bc       0x28 ./Core/Src/tof.o
                0x00000000080026bc                SetDevAddr
 .text.getSpadInfo
                0x00000000080026e4      0x114 ./Core/Src/tof.o
 .text.decodeTimeout
                0x00000000080027f8       0x28 ./Core/Src/tof.o
 .text.timeoutMclksToMicroseconds
                0x0000000008002820       0x50 ./Core/Src/tof.o
 .text.timeoutMicrosecondsToMclks
                0x0000000008002870       0x4c ./Core/Src/tof.o
 .text.encodeTimeout
                0x00000000080028bc       0x58 ./Core/Src/tof.o
 .text.getSequenceStepTimeouts
                0x0000000008002914       0xf8 ./Core/Src/tof.o
 .text.setVcselPulsePeriod
                0x0000000008002a0c      0x34c ./Core/Src/tof.o
 .text.setMeasurementTimingBudget
                0x0000000008002d58      0x148 ./Core/Src/tof.o
 .text.getMeasurementTimingBudget
                0x0000000008002ea0       0xe8 ./Core/Src/tof.o
 .text.performSingleRefCalibration
                0x0000000008002f88       0x74 ./Core/Src/tof.o
 .text.initSensor
                0x0000000008002ffc      0x24c ./Core/Src/tof.o
 .text.readRangeContinuousMillimeters
                0x0000000008003248       0x60 ./Core/Src/tof.o
                0x0000000008003248                readRangeContinuousMillimeters
 .text.tofReadDistance
                0x00000000080032a8       0xb4 ./Core/Src/tof.o
                0x00000000080032a8                tofReadDistance
 .text.Reset_Handler
                0x000000000800335c       0x50 ./Core/Startup/startup_stm32f401retx.o
                0x000000000800335c                Reset_Handler
 .text.Default_Handler
                0x00000000080033ac        0x2 ./Core/Startup/startup_stm32f401retx.o
                0x00000000080033ac                RTC_Alarm_IRQHandler
                0x00000000080033ac                SPI4_IRQHandler
                0x00000000080033ac                TIM1_CC_IRQHandler
                0x00000000080033ac                DMA2_Stream5_IRQHandler
                0x00000000080033ac                DMA1_Stream5_IRQHandler
                0x00000000080033ac                PVD_IRQHandler
                0x00000000080033ac                SDIO_IRQHandler
                0x00000000080033ac                TAMP_STAMP_IRQHandler
                0x00000000080033ac                TIM1_UP_TIM10_IRQHandler
                0x00000000080033ac                I2C3_ER_IRQHandler
                0x00000000080033ac                EXTI0_IRQHandler
                0x00000000080033ac                I2C2_EV_IRQHandler
                0x00000000080033ac                DMA1_Stream2_IRQHandler
                0x00000000080033ac                FPU_IRQHandler
                0x00000000080033ac                DMA2_Stream2_IRQHandler
                0x00000000080033ac                SPI1_IRQHandler
                0x00000000080033ac                TIM1_BRK_TIM9_IRQHandler
                0x00000000080033ac                DMA2_Stream3_IRQHandler
                0x00000000080033ac                USART6_IRQHandler
                0x00000000080033ac                DMA2_Stream0_IRQHandler
                0x00000000080033ac                TIM4_IRQHandler
                0x00000000080033ac                I2C1_EV_IRQHandler
                0x00000000080033ac                DMA1_Stream6_IRQHandler
                0x00000000080033ac                DMA1_Stream1_IRQHandler
                0x00000000080033ac                TIM3_IRQHandler
                0x00000000080033ac                RCC_IRQHandler
                0x00000000080033ac                Default_Handler
                0x00000000080033ac                EXTI15_10_IRQHandler
                0x00000000080033ac                ADC_IRQHandler
                0x00000000080033ac                DMA1_Stream7_IRQHandler
                0x00000000080033ac                TIM5_IRQHandler
                0x00000000080033ac                DMA2_Stream7_IRQHandler
                0x00000000080033ac                I2C3_EV_IRQHandler
                0x00000000080033ac                EXTI9_5_IRQHandler
                0x00000000080033ac                RTC_WKUP_IRQHandler
                0x00000000080033ac                SPI2_IRQHandler
                0x00000000080033ac                DMA1_Stream0_IRQHandler
                0x00000000080033ac                EXTI4_IRQHandler
                0x00000000080033ac                WWDG_IRQHandler
                0x00000000080033ac                TIM2_IRQHandler
                0x00000000080033ac                OTG_FS_WKUP_IRQHandler
                0x00000000080033ac                TIM1_TRG_COM_TIM11_IRQHandler
                0x00000000080033ac                EXTI1_IRQHandler
                0x00000000080033ac                I2C2_ER_IRQHandler
                0x00000000080033ac                DMA2_Stream1_IRQHandler
                0x00000000080033ac                FLASH_IRQHandler
                0x00000000080033ac                DMA2_Stream4_IRQHandler
                0x00000000080033ac                OTG_FS_IRQHandler
                0x00000000080033ac                SPI3_IRQHandler
                0x00000000080033ac                DMA1_Stream4_IRQHandler
                0x00000000080033ac                I2C1_ER_IRQHandler
                0x00000000080033ac                DMA2_Stream6_IRQHandler
                0x00000000080033ac                DMA1_Stream3_IRQHandler
 *fill*         0x00000000080033ae        0x2 
 .text.HAL_Init
                0x00000000080033b0       0x44 ./Drivers/STM32F4xx_HAL_Driver/Src/stm32f4xx_hal.o
                0x00000000080033b0                HAL_Init
 .text.HAL_InitTick
                0x00000000080033f4       0x60 ./Drivers/STM32F4xx_HAL_Driver/Src/stm32f4xx_hal.o
                0x00000000080033f4                HAL_InitTick
 .text.HAL_IncTick
                0x0000000008003454       0x28 ./Drivers/STM32F4xx_HAL_Driver/Src/stm32f4xx_hal.o
                0x0000000008003454                HAL_IncTick
 .text.HAL_GetTick
                0x000000000800347c       0x18 ./Drivers/STM32F4xx_HAL_Driver/Src/stm32f4xx_hal.o
                0x000000000800347c                HAL_GetTick
 .text.HAL_Delay
                0x0000000008003494       0x48 ./Drivers/STM32F4xx_HAL_Driver/Src/stm32f4xx_hal.o
                0x0000000008003494                HAL_Delay
 .text.HAL_ADC_Init
                0x00000000080034dc       0x86 ./Drivers/STM32F4xx_HAL_Driver/Src/stm32f4xx_hal_adc.o
                0x00000000080034dc                HAL_ADC_Init
 *fill*         0x0000000008003562        0x2 
 .text.HAL_ADC_Start
                0x0000000008003564      0x168 ./Drivers/STM32F4xx_HAL_Driver/Src/stm32f4xx_hal_adc.o
                0x0000000008003564                HAL_ADC_Start
 .text.HAL_ADC_Stop
                0x00000000080036cc       0x66 ./Drivers/STM32F4xx_HAL_Driver/Src/stm32f4xx_hal_adc.o
                0x00000000080036cc                HAL_ADC_Stop
 .text.HAL_ADC_PollForConversion
                0x0000000008003732      0x116 ./Drivers/STM32F4xx_HAL_Driver/Src/stm32f4xx_hal_adc.o
                0x0000000008003732                HAL_ADC_PollForConversion
 .text.HAL_ADC_GetValue
                0x0000000008003848       0x1a ./Drivers/STM32F4xx_HAL_Driver/Src/stm32f4xx_hal_adc.o
                0x0000000008003848                HAL_ADC_GetValue
 *fill*         0x0000000008003862        0x2 
 .text.HAL_ADC_ConfigChannel
                0x0000000008003864      0x244 ./Drivers/STM32F4xx_HAL_Driver/Src/stm32f4xx_hal_adc.o
                0x0000000008003864                HAL_ADC_ConfigChannel
 .text.ADC_Init
                0x0000000008003aa8      0x1f8 ./Drivers/STM32F4xx_HAL_Driver/Src/stm32f4xx_hal_adc.o
 .text.__NVIC_SetPriorityGrouping
                0x0000000008003ca0       0x48 ./Drivers/STM32F4xx_HAL_Driver/Src/stm32f4xx_hal_cortex.o
 .text.__NVIC_GetPriorityGrouping
                0x0000000008003ce8       0x1c ./Drivers/STM32F4xx_HAL_Driver/Src/stm32f4xx_hal_cortex.o
 .text.__NVIC_EnableIRQ
                0x0000000008003d04       0x3c ./Drivers/STM32F4xx_HAL_Driver/Src/stm32f4xx_hal_cortex.o
 .text.__NVIC_SetPriority
                0x0000000008003d40       0x54 ./Drivers/STM32F4xx_HAL_Driver/Src/stm32f4xx_hal_cortex.o
 .text.NVIC_EncodePriority
                0x0000000008003d94       0x66 ./Drivers/STM32F4xx_HAL_Driver/Src/stm32f4xx_hal_cortex.o
 *fill*         0x0000000008003dfa        0x2 
 .text.SysTick_Config
                0x0000000008003dfc       0x44 ./Drivers/STM32F4xx_HAL_Driver/Src/stm32f4xx_hal_cortex.o
 .text.HAL_NVIC_SetPriorityGrouping
                0x0000000008003e40       0x16 ./Drivers/STM32F4xx_HAL_Driver/Src/stm32f4xx_hal_cortex.o
                0x0000000008003e40                HAL_NVIC_SetPriorityGrouping
 .text.HAL_NVIC_SetPriority
                0x0000000008003e56       0x38 ./Drivers/STM32F4xx_HAL_Driver/Src/stm32f4xx_hal_cortex.o
                0x0000000008003e56                HAL_NVIC_SetPriority
 .text.HAL_NVIC_EnableIRQ
                0x0000000008003e8e       0x1c ./Drivers/STM32F4xx_HAL_Driver/Src/stm32f4xx_hal_cortex.o
                0x0000000008003e8e                HAL_NVIC_EnableIRQ
 .text.HAL_SYSTICK_Config
                0x0000000008003eaa       0x18 ./Drivers/STM32F4xx_HAL_Driver/Src/stm32f4xx_hal_cortex.o
                0x0000000008003eaa                HAL_SYSTICK_Config
 .text.HAL_DMA_Abort
                0x0000000008003ec2       0xe0 ./Drivers/STM32F4xx_HAL_Driver/Src/stm32f4xx_hal_dma.o
                0x0000000008003ec2                HAL_DMA_Abort
 .text.HAL_DMA_Abort_IT
                0x0000000008003fa2       0x44 ./Drivers/STM32F4xx_HAL_Driver/Src/stm32f4xx_hal_dma.o
                0x0000000008003fa2                HAL_DMA_Abort_IT
 *fill*         0x0000000008003fe6        0x2 
 .text.HAL_GPIO_Init
                0x0000000008003fe8      0x308 ./Drivers/STM32F4xx_HAL_Driver/Src/stm32f4xx_hal_gpio.o
                0x0000000008003fe8                HAL_GPIO_Init
 .text.HAL_GPIO_ReadPin
                0x00000000080042f0       0x30 ./Drivers/STM32F4xx_HAL_Driver/Src/stm32f4xx_hal_gpio.o
                0x00000000080042f0                HAL_GPIO_ReadPin
 .text.HAL_GPIO_WritePin
                0x0000000008004320       0x32 ./Drivers/STM32F4xx_HAL_Driver/Src/stm32f4xx_hal_gpio.o
                0x0000000008004320                HAL_GPIO_WritePin
 .text.HAL_GPIO_TogglePin
                0x0000000008004352       0x34 ./Drivers/STM32F4xx_HAL_Driver/Src/stm32f4xx_hal_gpio.o
                0x0000000008004352                HAL_GPIO_TogglePin
 *fill*         0x0000000008004386        0x2 
 .text.HAL_GPIO_EXTI_IRQHandler
                0x0000000008004388       0x30 ./Drivers/STM32F4xx_HAL_Driver/Src/stm32f4xx_hal_gpio.o
                0x0000000008004388                HAL_GPIO_EXTI_IRQHandler
 .text.HAL_I2C_Init
                0x00000000080043b8      0x288 ./Drivers/STM32F4xx_HAL_Driver/Src/stm32f4xx_hal_i2c.o
                0x00000000080043b8                HAL_I2C_Init
 .text.HAL_I2C_Master_Transmit
                0x0000000008004640      0x1fc ./Drivers/STM32F4xx_HAL_Driver/Src/stm32f4xx_hal_i2c.o
                0x0000000008004640                HAL_I2C_Master_Transmit
 .text.HAL_I2C_Master_Receive
                0x000000000800483c      0x44c ./Drivers/STM32F4xx_HAL_Driver/Src/stm32f4xx_hal_i2c.o
                0x000000000800483c                HAL_I2C_Master_Receive
 .text.HAL_I2C_IsDeviceReady
                0x0000000008004c88      0x25c ./Drivers/STM32F4xx_HAL_Driver/Src/stm32f4xx_hal_i2c.o
                0x0000000008004c88                HAL_I2C_IsDeviceReady
 .text.I2C_MasterRequestWrite
                0x0000000008004ee4      0x104 ./Drivers/STM32F4xx_HAL_Driver/Src/stm32f4xx_hal_i2c.o
 .text.I2C_MasterRequestRead
                0x0000000008004fe8      0x19c ./Drivers/STM32F4xx_HAL_Driver/Src/stm32f4xx_hal_i2c.o
 .text.I2C_WaitOnFlagUntilTimeout
                0x0000000008005184       0xae ./Drivers/STM32F4xx_HAL_Driver/Src/stm32f4xx_hal_i2c.o
 .text.I2C_WaitOnMasterAddressFlagUntilTimeout
                0x0000000008005232       0xfe ./Drivers/STM32F4xx_HAL_Driver/Src/stm32f4xx_hal_i2c.o
 .text.I2C_WaitOnTXEFlagUntilTimeout
                0x0000000008005330       0x82 ./Drivers/STM32F4xx_HAL_Driver/Src/stm32f4xx_hal_i2c.o
 .text.I2C_WaitOnBTFFlagUntilTimeout
                0x00000000080053b2       0x82 ./Drivers/STM32F4xx_HAL_Driver/Src/stm32f4xx_hal_i2c.o
 .text.I2C_WaitOnRXNEFlagUntilTimeout
                0x0000000008005434       0xac ./Drivers/STM32F4xx_HAL_Driver/Src/stm32f4xx_hal_i2c.o
 .text.I2C_IsAcknowledgeFailed
                0x00000000080054e0       0x5e ./Drivers/STM32F4xx_HAL_Driver/Src/stm32f4xx_hal_i2c.o
 *fill*         0x000000000800553e        0x2 
 .text.HAL_RCC_OscConfig
                0x0000000008005540      0x4f0 ./Drivers/STM32F4xx_HAL_Driver/Src/stm32f4xx_hal_rcc.o
                0x0000000008005540                HAL_RCC_OscConfig
 .text.HAL_RCC_ClockConfig
                0x0000000008005a30      0x1cc ./Drivers/STM32F4xx_HAL_Driver/Src/stm32f4xx_hal_rcc.o
                0x0000000008005a30                HAL_RCC_ClockConfig
 .text.HAL_RCC_GetSysClockFreq
                0x0000000008005bfc      0x18c ./Drivers/STM32F4xx_HAL_Driver/Src/stm32f4xx_hal_rcc.o
                0x0000000008005bfc                HAL_RCC_GetSysClockFreq
 .text.HAL_RCC_GetHCLKFreq
                0x0000000008005d88       0x18 ./Drivers/STM32F4xx_HAL_Driver/Src/stm32f4xx_hal_rcc.o
                0x0000000008005d88                HAL_RCC_GetHCLKFreq
 .text.HAL_RCC_GetPCLK1Freq
                0x0000000008005da0       0x28 ./Drivers/STM32F4xx_HAL_Driver/Src/stm32f4xx_hal_rcc.o
                0x0000000008005da0                HAL_RCC_GetPCLK1Freq
 .text.HAL_RCC_GetPCLK2Freq
                0x0000000008005dc8       0x28 ./Drivers/STM32F4xx_HAL_Driver/Src/stm32f4xx_hal_rcc.o
                0x0000000008005dc8                HAL_RCC_GetPCLK2Freq
 .text.HAL_UART_Init
                0x0000000008005df0       0x9a ./Drivers/STM32F4xx_HAL_Driver/Src/stm32f4xx_hal_uart.o
                0x0000000008005df0                HAL_UART_Init
 .text.HAL_UART_Transmit
                0x0000000008005e8a      0x124 ./Drivers/STM32F4xx_HAL_Driver/Src/stm32f4xx_hal_uart.o
                0x0000000008005e8a                HAL_UART_Transmit
 .text.HAL_UART_Receive_IT
                0x0000000008005fae       0x60 ./Drivers/STM32F4xx_HAL_Driver/Src/stm32f4xx_hal_uart.o
                0x0000000008005fae                HAL_UART_Receive_IT
 *fill*         0x000000000800600e        0x2 
 .text.HAL_UART_IRQHandler
                0x0000000008006010      0x51c ./Drivers/STM32F4xx_HAL_Driver/Src/stm32f4xx_hal_uart.o
                0x0000000008006010                HAL_UART_IRQHandler
 .text.HAL_UART_TxCpltCallback
                0x000000000800652c       0x14 ./Drivers/STM32F4xx_HAL_Driver/Src/stm32f4xx_hal_uart.o
                0x000000000800652c                HAL_UART_TxCpltCallback
 .text.HAL_UART_ErrorCallback
                0x0000000008006540       0x14 ./Drivers/STM32F4xx_HAL_Driver/Src/stm32f4xx_hal_uart.o
                0x0000000008006540                HAL_UART_ErrorCallback
 .text.HAL_UARTEx_RxEventCallback
                0x0000000008006554       0x18 ./Drivers/STM32F4xx_HAL_Driver/Src/stm32f4xx_hal_uart.o
                0x0000000008006554                HAL_UARTEx_RxEventCallback
 .text.UART_WaitOnFlagUntilTimeout
                0x000000000800656c       0xdc ./Drivers/STM32F4xx_HAL_Driver/Src/stm32f4xx_hal_uart.o
 .text.UART_Start_Receive_IT
                0x0000000008006648       0x7c ./Drivers/STM32F4xx_HAL_Driver/Src/stm32f4xx_hal_uart.o
                0x0000000008006648                UART_Start_Receive_IT
 .text.UART_EndRxTransfer
                0x00000000080066c4       0xc6 ./Drivers/STM32F4xx_HAL_Driver/Src/stm32f4xx_hal_uart.o
 .text.UART_DMAAbortOnError
                0x000000000800678a       0x28 ./Drivers/STM32F4xx_HAL_Driver/Src/stm32f4xx_hal_uart.o
 .text.UART_Transmit_IT
                0x00000000080067b2       0xa0 ./Drivers/STM32F4xx_HAL_Driver/Src/stm32f4xx_hal_uart.o
 .text.UART_EndTransmit_IT
                0x0000000008006852       0x30 ./Drivers/STM32F4xx_HAL_Driver/Src/stm32f4xx_hal_uart.o
 .text.UART_Receive_IT
                0x0000000008006882      0x176 ./Drivers/STM32F4xx_HAL_Driver/Src/stm32f4xx_hal_uart.o
 .text.UART_SetConfig
                0x00000000080069f8      0x4e8 ./Drivers/STM32F4xx_HAL_Driver/Src/stm32f4xx_hal_uart.o
 .text.makeFreeRtosPriority
                0x0000000008006ee0       0x30 ./Middlewares/Third_Party/FreeRTOS/Source/CMSIS_RTOS/cmsis_os.o
 .text.osKernelStart
                0x0000000008006f10        0xe ./Middlewares/Third_Party/FreeRTOS/Source/CMSIS_RTOS/cmsis_os.o
                0x0000000008006f10                osKernelStart
 .text.osThreadCreate
                0x0000000008006f1e       0x98 ./Middlewares/Third_Party/FreeRTOS/Source/CMSIS_RTOS/cmsis_os.o
                0x0000000008006f1e                osThreadCreate
 .text.osDelay  0x0000000008006fb6       0x28 ./Middlewares/Third_Party/FreeRTOS/Source/CMSIS_RTOS/cmsis_os.o
                0x0000000008006fb6                osDelay
 .text.osMutexCreate
                0x0000000008006fde       0x30 ./Middlewares/Third_Party/FreeRTOS/Source/CMSIS_RTOS/cmsis_os.o
                0x0000000008006fde                osMutexCreate
 .text.vListInitialise
                0x000000000800700e       0x40 ./Middlewares/Third_Party/FreeRTOS/Source/list.o
                0x000000000800700e                vListInitialise
 .text.vListInitialiseItem
                0x000000000800704e       0x1a ./Middlewares/Third_Party/FreeRTOS/Source/list.o
                0x000000000800704e                vListInitialiseItem
 .text.vListInsertEnd
                0x0000000008007068       0x48 ./Middlewares/Third_Party/FreeRTOS/Source/list.o
                0x0000000008007068                vListInsertEnd
 .text.vListInsert
                0x00000000080070b0       0x72 ./Middlewares/Third_Party/FreeRTOS/Source/list.o
                0x00000000080070b0                vListInsert
 .text.uxListRemove
                0x0000000008007122       0x54 ./Middlewares/Third_Party/FreeRTOS/Source/list.o
                0x0000000008007122                uxListRemove
 *fill*         0x0000000008007176        0x2 
 .text.xQueueGenericReset
                0x0000000008007178       0xd0 ./Middlewares/Third_Party/FreeRTOS/Source/queue.o
                0x0000000008007178                xQueueGenericReset
 .text.xQueueGenericCreateStatic
                0x0000000008007248       0xf0 ./Middlewares/Third_Party/FreeRTOS/Source/queue.o
                0x0000000008007248                xQueueGenericCreateStatic
 .text.xQueueGenericCreate
                0x0000000008007338       0x74 ./Middlewares/Third_Party/FreeRTOS/Source/queue.o
                0x0000000008007338                xQueueGenericCreate
 .text.prvInitialiseNewQueue
                0x00000000080073ac       0x3e ./Middlewares/Third_Party/FreeRTOS/Source/queue.o
 .text.prvInitialiseMutex
                0x00000000080073ea       0x34 ./Middlewares/Third_Party/FreeRTOS/Source/queue.o
 .text.xQueueCreateMutex
                0x000000000800741e       0x30 ./Middlewares/Third_Party/FreeRTOS/Source/queue.o
                0x000000000800741e                xQueueCreateMutex
 .text.xQueueCreateMutexStatic
                0x000000000800744e       0x36 ./Middlewares/Third_Party/FreeRTOS/Source/queue.o
                0x000000000800744e                xQueueCreateMutexStatic
 .text.xQueueGenericSend
                0x0000000008007484      0x1fc ./Middlewares/Third_Party/FreeRTOS/Source/queue.o
                0x0000000008007484                xQueueGenericSend
 .text.xQueueGenericSendFromISR
                0x0000000008007680      0x136 ./Middlewares/Third_Party/FreeRTOS/Source/queue.o
                0x0000000008007680                xQueueGenericSendFromISR
 *fill*         0x00000000080077b6        0x2 
 .text.xQueueReceive
                0x00000000080077b8      0x1c0 ./Middlewares/Third_Party/FreeRTOS/Source/queue.o
                0x00000000080077b8                xQueueReceive
 .text.prvCopyDataToQueue
                0x0000000008007978       0xd4 ./Middlewares/Third_Party/FreeRTOS/Source/queue.o
 .text.prvCopyDataFromQueue
                0x0000000008007a4c       0x4c ./Middlewares/Third_Party/FreeRTOS/Source/queue.o
 .text.prvUnlockQueue
                0x0000000008007a98       0xa4 ./Middlewares/Third_Party/FreeRTOS/Source/queue.o
 .text.prvIsQueueEmpty
                0x0000000008007b3c       0x2c ./Middlewares/Third_Party/FreeRTOS/Source/queue.o
 .text.prvIsQueueFull
                0x0000000008007b68       0x30 ./Middlewares/Third_Party/FreeRTOS/Source/queue.o
 .text.vQueueAddToRegistry
                0x0000000008007b98       0x54 ./Middlewares/Third_Party/FreeRTOS/Source/queue.o
                0x0000000008007b98                vQueueAddToRegistry
 .text.vQueueWaitForMessageRestricted
                0x0000000008007bec       0x68 ./Middlewares/Third_Party/FreeRTOS/Source/queue.o
                0x0000000008007bec                vQueueWaitForMessageRestricted
 .text.xTaskCreateStatic
                0x0000000008007c54       0xba ./Middlewares/Third_Party/FreeRTOS/Source/tasks.o
                0x0000000008007c54                xTaskCreateStatic
 .text.xTaskCreate
                0x0000000008007d0e       0x8a ./Middlewares/Third_Party/FreeRTOS/Source/tasks.o
                0x0000000008007d0e                xTaskCreate
 .text.prvInitialiseNewTask
                0x0000000008007d98      0x13c ./Middlewares/Third_Party/FreeRTOS/Source/tasks.o
 .text.prvAddNewTaskToReadyList
                0x0000000008007ed4       0xd4 ./Middlewares/Third_Party/FreeRTOS/Source/tasks.o
 .text.vTaskDelay
                0x0000000008007fa8       0x68 ./Middlewares/Third_Party/FreeRTOS/Source/tasks.o
                0x0000000008007fa8                vTaskDelay
 .text.vTaskStartScheduler
                0x0000000008008010       0xe0 ./Middlewares/Third_Party/FreeRTOS/Source/tasks.o
                0x0000000008008010                vTaskStartScheduler
 .text.vTaskSuspendAll
                0x00000000080080f0       0x1c ./Middlewares/Third_Party/FreeRTOS/Source/tasks.o
                0x00000000080080f0                vTaskSuspendAll
 .text.xTaskResumeAll
                0x000000000800810c      0x138 ./Middlewares/Third_Party/FreeRTOS/Source/tasks.o
                0x000000000800810c                xTaskResumeAll
 .text.xTaskGetTickCount
                0x0000000008008244       0x20 ./Middlewares/Third_Party/FreeRTOS/Source/tasks.o
                0x0000000008008244                xTaskGetTickCount
 .text.xTaskIncrementTick
                0x0000000008008264      0x170 ./Middlewares/Third_Party/FreeRTOS/Source/tasks.o
                0x0000000008008264                xTaskIncrementTick
 .text.vTaskSwitchContext
                0x00000000080083d4       0xc4 ./Middlewares/Third_Party/FreeRTOS/Source/tasks.o
                0x00000000080083d4                vTaskSwitchContext
 .text.vTaskPlaceOnEventList
                0x0000000008008498       0x48 ./Middlewares/Third_Party/FreeRTOS/Source/tasks.o
                0x0000000008008498                vTaskPlaceOnEventList
 .text.vTaskPlaceOnEventListRestricted
                0x00000000080084e0       0x58 ./Middlewares/Third_Party/FreeRTOS/Source/tasks.o
                0x00000000080084e0                vTaskPlaceOnEventListRestricted
 .text.xTaskRemoveFromEventList
                0x0000000008008538       0xc4 ./Middlewares/Third_Party/FreeRTOS/Source/tasks.o
                0x0000000008008538                xTaskRemoveFromEventList
 .text.vTaskInternalSetTimeOutState
                0x00000000080085fc       0x2c ./Middlewares/Third_Party/FreeRTOS/Source/tasks.o
                0x00000000080085fc                vTaskInternalSetTimeOutState
 .text.xTaskCheckForTimeOut
                0x0000000008008628       0xc4 ./Middlewares/Third_Party/FreeRTOS/Source/tasks.o
                0x0000000008008628                xTaskCheckForTimeOut
 .text.vTaskMissedYield
                0x00000000080086ec       0x18 ./Middlewares/Third_Party/FreeRTOS/Source/tasks.o
                0x00000000080086ec                vTaskMissedYield
 .text.prvIdleTask
                0x0000000008008704       0x30 ./Middlewares/Third_Party/FreeRTOS/Source/tasks.o
 .text.prvInitialiseTaskLists
                0x0000000008008734       0x80 ./Middlewares/Third_Party/FreeRTOS/Source/tasks.o
 .text.prvCheckTasksWaitingTermination
                0x00000000080087b4       0x5c ./Middlewares/Third_Party/FreeRTOS/Source/tasks.o
 .text.prvDeleteTCB
                0x0000000008008810       0x68 ./Middlewares/Third_Party/FreeRTOS/Source/tasks.o
 .text.prvResetNextTaskUnblockTime
                0x0000000008008878       0x40 ./Middlewares/Third_Party/FreeRTOS/Source/tasks.o
 .text.xTaskGetSchedulerState
                0x00000000080088b8       0x3c ./Middlewares/Third_Party/FreeRTOS/Source/tasks.o
                0x00000000080088b8                xTaskGetSchedulerState
 .text.xTaskPriorityDisinherit
                0x00000000080088f4      0x10c ./Middlewares/Third_Party/FreeRTOS/Source/tasks.o
                0x00000000080088f4                xTaskPriorityDisinherit
 .text.prvAddCurrentTaskToDelayedList
                0x0000000008008a00       0xcc ./Middlewares/Third_Party/FreeRTOS/Source/tasks.o
 .text.xTimerCreateTimerTask
                0x0000000008008acc       0x90 ./Middlewares/Third_Party/FreeRTOS/Source/timers.o
                0x0000000008008acc                xTimerCreateTimerTask
 .text.xTimerGenericCommand
                0x0000000008008b5c       0x9c ./Middlewares/Third_Party/FreeRTOS/Source/timers.o
                0x0000000008008b5c                xTimerGenericCommand
 .text.prvProcessExpiredTimer
                0x0000000008008bf8       0x98 ./Middlewares/Third_Party/FreeRTOS/Source/timers.o
 .text.prvTimerTask
                0x0000000008008c90       0x24 ./Middlewares/Third_Party/FreeRTOS/Source/timers.o
 .text.prvProcessTimerOrBlockTask
                0x0000000008008cb4       0x9c ./Middlewares/Third_Party/FreeRTOS/Source/timers.o
 .text.prvGetNextExpireTime
                0x0000000008008d50       0x48 ./Middlewares/Third_Party/FreeRTOS/Source/timers.o
 .text.prvSampleTimeNow
                0x0000000008008d98       0x40 ./Middlewares/Third_Party/FreeRTOS/Source/timers.o
 .text.prvInsertTimerInActiveList
                0x0000000008008dd8       0x84 ./Middlewares/Third_Party/FreeRTOS/Source/timers.o
 .text.prvProcessReceivedCommands
                0x0000000008008e5c      0x18c ./Middlewares/Third_Party/FreeRTOS/Source/timers.o
 .text.prvSwitchTimerLists
                0x0000000008008fe8       0xc8 ./Middlewares/Third_Party/FreeRTOS/Source/timers.o
 .text.prvCheckForValidListAndQueue
                0x00000000080090b0       0x80 ./Middlewares/Third_Party/FreeRTOS/Source/timers.o
 .text.pxPortInitialiseStack
                0x0000000008009130       0x68 ./Middlewares/Third_Party/FreeRTOS/Source/portable/GCC/ARM_CM4F/port.o
                0x0000000008009130                pxPortInitialiseStack
 .text.prvTaskExitError
                0x0000000008009198       0x58 ./Middlewares/Third_Party/FreeRTOS/Source/portable/GCC/ARM_CM4F/port.o
 .text.SVC_Handler
                0x00000000080091f0       0x28 ./Middlewares/Third_Party/FreeRTOS/Source/portable/GCC/ARM_CM4F/port.o
                0x00000000080091f0                SVC_Handler
 .text.prvPortStartFirstTask
                0x0000000008009218       0x28 ./Middlewares/Third_Party/FreeRTOS/Source/portable/GCC/ARM_CM4F/port.o
 .text.xPortStartScheduler
                0x0000000008009240      0x144 ./Middlewares/Third_Party/FreeRTOS/Source/portable/GCC/ARM_CM4F/port.o
                0x0000000008009240                xPortStartScheduler
 .text.vPortEnterCritical
                0x0000000008009384       0x60 ./Middlewares/Third_Party/FreeRTOS/Source/portable/GCC/ARM_CM4F/port.o
                0x0000000008009384                vPortEnterCritical
 .text.vPortExitCritical
                0x00000000080093e4       0x54 ./Middlewares/Third_Party/FreeRTOS/Source/portable/GCC/ARM_CM4F/port.o
                0x00000000080093e4                vPortExitCritical
 *fill*         0x0000000008009438        0x8 
 .text.PendSV_Handler
                0x0000000008009440       0x68 ./Middlewares/Third_Party/FreeRTOS/Source/portable/GCC/ARM_CM4F/port.o
                0x0000000008009440                PendSV_Handler
 .text.xPortSysTickHandler
                0x00000000080094a8       0x44 ./Middlewares/Third_Party/FreeRTOS/Source/portable/GCC/ARM_CM4F/port.o
                0x00000000080094a8                xPortSysTickHandler
 .text.vPortSetupTimerInterrupt
                0x00000000080094ec       0x48 ./Middlewares/Third_Party/FreeRTOS/Source/portable/GCC/ARM_CM4F/port.o
                0x00000000080094ec                vPortSetupTimerInterrupt
 .text.vPortEnableVFP
                0x0000000008009534       0x14 ./Middlewares/Third_Party/FreeRTOS/Source/portable/GCC/ARM_CM4F/port.o
 .text.vPortValidateInterruptPriority
                0x0000000008009548       0x80 ./Middlewares/Third_Party/FreeRTOS/Source/portable/GCC/ARM_CM4F/port.o
                0x0000000008009548                vPortValidateInterruptPriority
 .text.pvPortMalloc
                0x00000000080095c8      0x198 ./Middlewares/Third_Party/FreeRTOS/Source/portable/MemMang/heap_4.o
                0x00000000080095c8                pvPortMalloc
 .text.vPortFree
                0x0000000008009760       0xc4 ./Middlewares/Third_Party/FreeRTOS/Source/portable/MemMang/heap_4.o
                0x0000000008009760                vPortFree
 .text.prvHeapInit
                0x0000000008009824       0xc4 ./Middlewares/Third_Party/FreeRTOS/Source/portable/MemMang/heap_4.o
 .text.prvInsertBlockIntoFreeList
                0x00000000080098e8       0xb4 ./Middlewares/Third_Party/FreeRTOS/Source/portable/MemMang/heap_4.o
 .text.__errno  0x000000000800999c        0xc c:/st/stm32cubeide_1.10.0/stm32cubeide/plugins/com.st.stm32cube.ide.mcu.externaltools.gnu-tools-for-stm32.10.3-2021.10.win32_1.0.0.202111181127/tools/bin/../lib/gcc/arm-none-eabi/10.3.1/../../../../arm-none-eabi/lib/thumb/v7e-m+fp/hard\libc_nano.a(lib_a-errno.o)
                0x000000000800999c                __errno
 .text.std      0x00000000080099a8       0x48 c:/st/stm32cubeide_1.10.0/stm32cubeide/plugins/com.st.stm32cube.ide.mcu.externaltools.gnu-tools-for-stm32.10.3-2021.10.win32_1.0.0.202111181127/tools/bin/../lib/gcc/arm-none-eabi/10.3.1/../../../../arm-none-eabi/lib/thumb/v7e-m+fp/hard\libc_nano.a(lib_a-findfp.o)
 .text._cleanup_r
                0x00000000080099f0        0xc c:/st/stm32cubeide_1.10.0/stm32cubeide/plugins/com.st.stm32cube.ide.mcu.externaltools.gnu-tools-for-stm32.10.3-2021.10.win32_1.0.0.202111181127/tools/bin/../lib/gcc/arm-none-eabi/10.3.1/../../../../arm-none-eabi/lib/thumb/v7e-m+fp/hard\libc_nano.a(lib_a-findfp.o)
                0x00000000080099f0                _cleanup_r
 .text.__sfmoreglue
                0x00000000080099fc       0x2c c:/st/stm32cubeide_1.10.0/stm32cubeide/plugins/com.st.stm32cube.ide.mcu.externaltools.gnu-tools-for-stm32.10.3-2021.10.win32_1.0.0.202111181127/tools/bin/../lib/gcc/arm-none-eabi/10.3.1/../../../../arm-none-eabi/lib/thumb/v7e-m+fp/hard\libc_nano.a(lib_a-findfp.o)
                0x00000000080099fc                __sfmoreglue
 .text.__sfp_lock_acquire
                0x0000000008009a28        0xc c:/st/stm32cubeide_1.10.0/stm32cubeide/plugins/com.st.stm32cube.ide.mcu.externaltools.gnu-tools-for-stm32.10.3-2021.10.win32_1.0.0.202111181127/tools/bin/../lib/gcc/arm-none-eabi/10.3.1/../../../../arm-none-eabi/lib/thumb/v7e-m+fp/hard\libc_nano.a(lib_a-findfp.o)
                0x0000000008009a28                __sfp_lock_acquire
 .text.__sfp_lock_release
                0x0000000008009a34        0xc c:/st/stm32cubeide_1.10.0/stm32cubeide/plugins/com.st.stm32cube.ide.mcu.externaltools.gnu-tools-for-stm32.10.3-2021.10.win32_1.0.0.202111181127/tools/bin/../lib/gcc/arm-none-eabi/10.3.1/../../../../arm-none-eabi/lib/thumb/v7e-m+fp/hard\libc_nano.a(lib_a-findfp.o)
                0x0000000008009a34                __sfp_lock_release
 .text.__sinit_lock_acquire
                0x0000000008009a40        0xc c:/st/stm32cubeide_1.10.0/stm32cubeide/plugins/com.st.stm32cube.ide.mcu.externaltools.gnu-tools-for-stm32.10.3-2021.10.win32_1.0.0.202111181127/tools/bin/../lib/gcc/arm-none-eabi/10.3.1/../../../../arm-none-eabi/lib/thumb/v7e-m+fp/hard\libc_nano.a(lib_a-findfp.o)
                0x0000000008009a40                __sinit_lock_acquire
 .text.__sinit_lock_release
                0x0000000008009a4c        0xc c:/st/stm32cubeide_1.10.0/stm32cubeide/plugins/com.st.stm32cube.ide.mcu.externaltools.gnu-tools-for-stm32.10.3-2021.10.win32_1.0.0.202111181127/tools/bin/../lib/gcc/arm-none-eabi/10.3.1/../../../../arm-none-eabi/lib/thumb/v7e-m+fp/hard\libc_nano.a(lib_a-findfp.o)
                0x0000000008009a4c                __sinit_lock_release
 .text.__sinit  0x0000000008009a58       0x70 c:/st/stm32cubeide_1.10.0/stm32cubeide/plugins/com.st.stm32cube.ide.mcu.externaltools.gnu-tools-for-stm32.10.3-2021.10.win32_1.0.0.202111181127/tools/bin/../lib/gcc/arm-none-eabi/10.3.1/../../../../arm-none-eabi/lib/thumb/v7e-m+fp/hard\libc_nano.a(lib_a-findfp.o)
                0x0000000008009a58                __sinit
 .text.__sfp    0x0000000008009ac8       0x8c c:/st/stm32cubeide_1.10.0/stm32cubeide/plugins/com.st.stm32cube.ide.mcu.externaltools.gnu-tools-for-stm32.10.3-2021.10.win32_1.0.0.202111181127/tools/bin/../lib/gcc/arm-none-eabi/10.3.1/../../../../arm-none-eabi/lib/thumb/v7e-m+fp/hard\libc_nano.a(lib_a-findfp.o)
                0x0000000008009ac8                __sfp
 .text._fwalk_reent
                0x0000000008009b54       0x3e c:/st/stm32cubeide_1.10.0/stm32cubeide/plugins/com.st.stm32cube.ide.mcu.externaltools.gnu-tools-for-stm32.10.3-2021.10.win32_1.0.0.202111181127/tools/bin/../lib/gcc/arm-none-eabi/10.3.1/../../../../arm-none-eabi/lib/thumb/v7e-m+fp/hard\libc_nano.a(lib_a-fwalk.o)
                0x0000000008009b54                _fwalk_reent
 *fill*         0x0000000008009b92        0x2 
 .text._fwrite_r
                0x0000000008009b94       0xc0 c:/st/stm32cubeide_1.10.0/stm32cubeide/plugins/com.st.stm32cube.ide.mcu.externaltools.gnu-tools-for-stm32.10.3-2021.10.win32_1.0.0.202111181127/tools/bin/../lib/gcc/arm-none-eabi/10.3.1/../../../../arm-none-eabi/lib/thumb/v7e-m+fp/hard\libc_nano.a(lib_a-fwrite.o)
                0x0000000008009b94                _fwrite_r
 .text.fwrite   0x0000000008009c54       0x1c c:/st/stm32cubeide_1.10.0/stm32cubeide/plugins/com.st.stm32cube.ide.mcu.externaltools.gnu-tools-for-stm32.10.3-2021.10.win32_1.0.0.202111181127/tools/bin/../lib/gcc/arm-none-eabi/10.3.1/../../../../arm-none-eabi/lib/thumb/v7e-m+fp/hard\libc_nano.a(lib_a-fwrite.o)
                0x0000000008009c54                fwrite
 .text.__libc_init_array
                0x0000000008009c70       0x48 c:/st/stm32cubeide_1.10.0/stm32cubeide/plugins/com.st.stm32cube.ide.mcu.externaltools.gnu-tools-for-stm32.10.3-2021.10.win32_1.0.0.202111181127/tools/bin/../lib/gcc/arm-none-eabi/10.3.1/../../../../arm-none-eabi/lib/thumb/v7e-m+fp/hard\libc_nano.a(lib_a-init.o)
                0x0000000008009c70                __libc_init_array
 .text.__retarget_lock_init_recursive
                0x0000000008009cb8        0x2 c:/st/stm32cubeide_1.10.0/stm32cubeide/plugins/com.st.stm32cube.ide.mcu.externaltools.gnu-tools-for-stm32.10.3-2021.10.win32_1.0.0.202111181127/tools/bin/../lib/gcc/arm-none-eabi/10.3.1/../../../../arm-none-eabi/lib/thumb/v7e-m+fp/hard\libc_nano.a(lib_a-lock.o)
                0x0000000008009cb8                __retarget_lock_init_recursive
 .text.__retarget_lock_acquire_recursive
                0x0000000008009cba        0x2 c:/st/stm32cubeide_1.10.0/stm32cubeide/plugins/com.st.stm32cube.ide.mcu.externaltools.gnu-tools-for-stm32.10.3-2021.10.win32_1.0.0.202111181127/tools/bin/../lib/gcc/arm-none-eabi/10.3.1/../../../../arm-none-eabi/lib/thumb/v7e-m+fp/hard\libc_nano.a(lib_a-lock.o)
                0x0000000008009cba                __retarget_lock_acquire_recursive
 .text.__retarget_lock_release_recursive
                0x0000000008009cbc        0x2 c:/st/stm32cubeide_1.10.0/stm32cubeide/plugins/com.st.stm32cube.ide.mcu.externaltools.gnu-tools-for-stm32.10.3-2021.10.win32_1.0.0.202111181127/tools/bin/../lib/gcc/arm-none-eabi/10.3.1/../../../../arm-none-eabi/lib/thumb/v7e-m+fp/hard\libc_nano.a(lib_a-lock.o)
                0x0000000008009cbc                __retarget_lock_release_recursive
 .text.memcpy   0x0000000008009cbe       0x1c c:/st/stm32cubeide_1.10.0/stm32cubeide/plugins/com.st.stm32cube.ide.mcu.externaltools.gnu-tools-for-stm32.10.3-2021.10.win32_1.0.0.202111181127/tools/bin/../lib/gcc/arm-none-eabi/10.3.1/../../../../arm-none-eabi/lib/thumb/v7e-m+fp/hard\libc_nano.a(lib_a-memcpy-stub.o)
                0x0000000008009cbe                memcpy
 .text.memset   0x0000000008009cda       0x10 c:/st/stm32cubeide_1.10.0/stm32cubeide/plugins/com.st.stm32cube.ide.mcu.externaltools.gnu-tools-for-stm32.10.3-2021.10.win32_1.0.0.202111181127/tools/bin/../lib/gcc/arm-none-eabi/10.3.1/../../../../arm-none-eabi/lib/thumb/v7e-m+fp/hard\libc_nano.a(lib_a-memset.o)
                0x0000000008009cda                memset
 *fill*         0x0000000008009cea        0x2 
 .text.sbrk_aligned
                0x0000000008009cec       0x40 c:/st/stm32cubeide_1.10.0/stm32cubeide/plugins/com.st.stm32cube.ide.mcu.externaltools.gnu-tools-for-stm32.10.3-2021.10.win32_1.0.0.202111181127/tools/bin/../lib/gcc/arm-none-eabi/10.3.1/../../../../arm-none-eabi/lib/thumb/v7e-m+fp/hard\libc_nano.a(lib_a-nano-mallocr.o)
 .text._malloc_r
                0x0000000008009d2c       0xe8 c:/st/stm32cubeide_1.10.0/stm32cubeide/plugins/com.st.stm32cube.ide.mcu.externaltools.gnu-tools-for-stm32.10.3-2021.10.win32_1.0.0.202111181127/tools/bin/../lib/gcc/arm-none-eabi/10.3.1/../../../../arm-none-eabi/lib/thumb/v7e-m+fp/hard\libc_nano.a(lib_a-nano-mallocr.o)
                0x0000000008009d2c                _malloc_r
 .text.cleanup_glue
                0x0000000008009e14       0x1a c:/st/stm32cubeide_1.10.0/stm32cubeide/plugins/com.st.stm32cube.ide.mcu.externaltools.gnu-tools-for-stm32.10.3-2021.10.win32_1.0.0.202111181127/tools/bin/../lib/gcc/arm-none-eabi/10.3.1/../../../../arm-none-eabi/lib/thumb/v7e-m+fp/hard\libc_nano.a(lib_a-reent.o)
                0x0000000008009e14                cleanup_glue
 *fill*         0x0000000008009e2e        0x2 
 .text._reclaim_reent
                0x0000000008009e30       0xb8 c:/st/stm32cubeide_1.10.0/stm32cubeide/plugins/com.st.stm32cube.ide.mcu.externaltools.gnu-tools-for-stm32.10.3-2021.10.win32_1.0.0.202111181127/tools/bin/../lib/gcc/arm-none-eabi/10.3.1/../../../../arm-none-eabi/lib/thumb/v7e-m+fp/hard\libc_nano.a(lib_a-reent.o)
                0x0000000008009e30                _reclaim_reent
 .text._sbrk_r  0x0000000008009ee8       0x20 c:/st/stm32cubeide_1.10.0/stm32cubeide/plugins/com.st.stm32cube.ide.mcu.externaltools.gnu-tools-for-stm32.10.3-2021.10.win32_1.0.0.202111181127/tools/bin/../lib/gcc/arm-none-eabi/10.3.1/../../../../arm-none-eabi/lib/thumb/v7e-m+fp/hard\libc_nano.a(lib_a-sbrkr.o)
                0x0000000008009ee8                _sbrk_r
 .text.__sread  0x0000000008009f08       0x22 c:/st/stm32cubeide_1.10.0/stm32cubeide/plugins/com.st.stm32cube.ide.mcu.externaltools.gnu-tools-for-stm32.10.3-2021.10.win32_1.0.0.202111181127/tools/bin/../lib/gcc/arm-none-eabi/10.3.1/../../../../arm-none-eabi/lib/thumb/v7e-m+fp/hard\libc_nano.a(lib_a-stdio.o)
                0x0000000008009f08                __sread
 .text.__swrite
                0x0000000008009f2a       0x38 c:/st/stm32cubeide_1.10.0/stm32cubeide/plugins/com.st.stm32cube.ide.mcu.externaltools.gnu-tools-for-stm32.10.3-2021.10.win32_1.0.0.202111181127/tools/bin/../lib/gcc/arm-none-eabi/10.3.1/../../../../arm-none-eabi/lib/thumb/v7e-m+fp/hard\libc_nano.a(lib_a-stdio.o)
                0x0000000008009f2a                __swrite
 .text.__sseek  0x0000000008009f62       0x24 c:/st/stm32cubeide_1.10.0/stm32cubeide/plugins/com.st.stm32cube.ide.mcu.externaltools.gnu-tools-for-stm32.10.3-2021.10.win32_1.0.0.202111181127/tools/bin/../lib/gcc/arm-none-eabi/10.3.1/../../../../arm-none-eabi/lib/thumb/v7e-m+fp/hard\libc_nano.a(lib_a-stdio.o)
                0x0000000008009f62                __sseek
 .text.__sclose
                0x0000000008009f86        0x8 c:/st/stm32cubeide_1.10.0/stm32cubeide/plugins/com.st.stm32cube.ide.mcu.externaltools.gnu-tools-for-stm32.10.3-2021.10.win32_1.0.0.202111181127/tools/bin/../lib/gcc/arm-none-eabi/10.3.1/../../../../arm-none-eabi/lib/thumb/v7e-m+fp/hard\libc_nano.a(lib_a-stdio.o)
                0x0000000008009f86                __sclose
 *fill*         0x0000000008009f8e        0x2 
 .text.__swbuf_r
                0x0000000008009f90       0xa4 c:/st/stm32cubeide_1.10.0/stm32cubeide/plugins/com.st.stm32cube.ide.mcu.externaltools.gnu-tools-for-stm32.10.3-2021.10.win32_1.0.0.202111181127/tools/bin/../lib/gcc/arm-none-eabi/10.3.1/../../../../arm-none-eabi/lib/thumb/v7e-m+fp/hard\libc_nano.a(lib_a-wbuf.o)
                0x0000000008009f90                __swbuf_r
 .text._write_r
                0x000000000800a034       0x24 c:/st/stm32cubeide_1.10.0/stm32cubeide/plugins/com.st.stm32cube.ide.mcu.externaltools.gnu-tools-for-stm32.10.3-2021.10.win32_1.0.0.202111181127/tools/bin/../lib/gcc/arm-none-eabi/10.3.1/../../../../arm-none-eabi/lib/thumb/v7e-m+fp/hard\libc_nano.a(lib_a-writer.o)
                0x000000000800a034                _write_r
 .text.__swsetup_r
                0x000000000800a058       0xdc c:/st/stm32cubeide_1.10.0/stm32cubeide/plugins/com.st.stm32cube.ide.mcu.externaltools.gnu-tools-for-stm32.10.3-2021.10.win32_1.0.0.202111181127/tools/bin/../lib/gcc/arm-none-eabi/10.3.1/../../../../arm-none-eabi/lib/thumb/v7e-m+fp/hard\libc_nano.a(lib_a-wsetup.o)
                0x000000000800a058                __swsetup_r
 .text._close_r
                0x000000000800a134       0x20 c:/st/stm32cubeide_1.10.0/stm32cubeide/plugins/com.st.stm32cube.ide.mcu.externaltools.gnu-tools-for-stm32.10.3-2021.10.win32_1.0.0.202111181127/tools/bin/../lib/gcc/arm-none-eabi/10.3.1/../../../../arm-none-eabi/lib/thumb/v7e-m+fp/hard\libc_nano.a(lib_a-closer.o)
                0x000000000800a134                _close_r
 .text.__sflush_r
                0x000000000800a154      0x10c c:/st/stm32cubeide_1.10.0/stm32cubeide/plugins/com.st.stm32cube.ide.mcu.externaltools.gnu-tools-for-stm32.10.3-2021.10.win32_1.0.0.202111181127/tools/bin/../lib/gcc/arm-none-eabi/10.3.1/../../../../arm-none-eabi/lib/thumb/v7e-m+fp/hard\libc_nano.a(lib_a-fflush.o)
                0x000000000800a154                __sflush_r
 .text._fflush_r
                0x000000000800a260       0x78 c:/st/stm32cubeide_1.10.0/stm32cubeide/plugins/com.st.stm32cube.ide.mcu.externaltools.gnu-tools-for-stm32.10.3-2021.10.win32_1.0.0.202111181127/tools/bin/../lib/gcc/arm-none-eabi/10.3.1/../../../../arm-none-eabi/lib/thumb/v7e-m+fp/hard\libc_nano.a(lib_a-fflush.o)
                0x000000000800a260                _fflush_r
 .text._lseek_r
                0x000000000800a2d8       0x24 c:/st/stm32cubeide_1.10.0/stm32cubeide/plugins/com.st.stm32cube.ide.mcu.externaltools.gnu-tools-for-stm32.10.3-2021.10.win32_1.0.0.202111181127/tools/bin/../lib/gcc/arm-none-eabi/10.3.1/../../../../arm-none-eabi/lib/thumb/v7e-m+fp/hard\libc_nano.a(lib_a-lseekr.o)
                0x000000000800a2d8                _lseek_r
 .text.__swhatbuf_r
                0x000000000800a2fc       0x4a c:/st/stm32cubeide_1.10.0/stm32cubeide/plugins/com.st.stm32cube.ide.mcu.externaltools.gnu-tools-for-stm32.10.3-2021.10.win32_1.0.0.202111181127/tools/bin/../lib/gcc/arm-none-eabi/10.3.1/../../../../arm-none-eabi/lib/thumb/v7e-m+fp/hard\libc_nano.a(lib_a-makebuf.o)
                0x000000000800a2fc                __swhatbuf_r
 *fill*         0x000000000800a346        0x2 
 .text.__smakebuf_r
                0x000000000800a348       0x80 c:/st/stm32cubeide_1.10.0/stm32cubeide/plugins/com.st.stm32cube.ide.mcu.externaltools.gnu-tools-for-stm32.10.3-2021.10.win32_1.0.0.202111181127/tools/bin/../lib/gcc/arm-none-eabi/10.3.1/../../../../arm-none-eabi/lib/thumb/v7e-m+fp/hard\libc_nano.a(lib_a-makebuf.o)
                0x000000000800a348                __smakebuf_r
 .text.__malloc_lock
                0x000000000800a3c8        0xc c:/st/stm32cubeide_1.10.0/stm32cubeide/plugins/com.st.stm32cube.ide.mcu.externaltools.gnu-tools-for-stm32.10.3-2021.10.win32_1.0.0.202111181127/tools/bin/../lib/gcc/arm-none-eabi/10.3.1/../../../../arm-none-eabi/lib/thumb/v7e-m+fp/hard\libc_nano.a(lib_a-mlock.o)
                0x000000000800a3c8                __malloc_lock
 .text.__malloc_unlock
                0x000000000800a3d4        0xc c:/st/stm32cubeide_1.10.0/stm32cubeide/plugins/com.st.stm32cube.ide.mcu.externaltools.gnu-tools-for-stm32.10.3-2021.10.win32_1.0.0.202111181127/tools/bin/../lib/gcc/arm-none-eabi/10.3.1/../../../../arm-none-eabi/lib/thumb/v7e-m+fp/hard\libc_nano.a(lib_a-mlock.o)
                0x000000000800a3d4                __malloc_unlock
 .text._free_r  0x000000000800a3e0       0x98 c:/st/stm32cubeide_1.10.0/stm32cubeide/plugins/com.st.stm32cube.ide.mcu.externaltools.gnu-tools-for-stm32.10.3-2021.10.win32_1.0.0.202111181127/tools/bin/../lib/gcc/arm-none-eabi/10.3.1/../../../../arm-none-eabi/lib/thumb/v7e-m+fp/hard\libc_nano.a(lib_a-nano-freer.o)
                0x000000000800a3e0                _free_r
 .text._read_r  0x000000000800a478       0x24 c:/st/stm32cubeide_1.10.0/stm32cubeide/plugins/com.st.stm32cube.ide.mcu.externaltools.gnu-tools-for-stm32.10.3-2021.10.win32_1.0.0.202111181127/tools/bin/../lib/gcc/arm-none-eabi/10.3.1/../../../../arm-none-eabi/lib/thumb/v7e-m+fp/hard\libc_nano.a(lib_a-readr.o)
                0x000000000800a478                _read_r
 .text._fstat_r
                0x000000000800a49c       0x24 c:/st/stm32cubeide_1.10.0/stm32cubeide/plugins/com.st.stm32cube.ide.mcu.externaltools.gnu-tools-for-stm32.10.3-2021.10.win32_1.0.0.202111181127/tools/bin/../lib/gcc/arm-none-eabi/10.3.1/../../../../arm-none-eabi/lib/thumb/v7e-m+fp/hard\libc_nano.a(lib_a-fstatr.o)
                0x000000000800a49c                _fstat_r
 .text._isatty_r
                0x000000000800a4c0       0x20 c:/st/stm32cubeide_1.10.0/stm32cubeide/plugins/com.st.stm32cube.ide.mcu.externaltools.gnu-tools-for-stm32.10.3-2021.10.win32_1.0.0.202111181127/tools/bin/../lib/gcc/arm-none-eabi/10.3.1/../../../../arm-none-eabi/lib/thumb/v7e-m+fp/hard\libc_nano.a(lib_a-isattyr.o)
                0x000000000800a4c0                _isatty_r
 *(.glue_7)
 .glue_7        0x000000000800a4e0        0x0 linker stubs
 *(.glue_7t)
 .glue_7t       0x000000000800a4e0        0x0 linker stubs
 *(.eh_frame)
 .eh_frame      0x000000000800a4e0        0x0 c:/st/stm32cubeide_1.10.0/stm32cubeide/plugins/com.st.stm32cube.ide.mcu.externaltools.gnu-tools-for-stm32.10.3-2021.10.win32_1.0.0.202111181127/tools/bin/../lib/gcc/arm-none-eabi/10.3.1/thumb/v7e-m+fp/hard/crtbegin.o
 *(.init)
 .init          0x000000000800a4e0        0x4 c:/st/stm32cubeide_1.10.0/stm32cubeide/plugins/com.st.stm32cube.ide.mcu.externaltools.gnu-tools-for-stm32.10.3-2021.10.win32_1.0.0.202111181127/tools/bin/../lib/gcc/arm-none-eabi/10.3.1/thumb/v7e-m+fp/hard/crti.o
                0x000000000800a4e0                _init
 .init          0x000000000800a4e4        0x8 c:/st/stm32cubeide_1.10.0/stm32cubeide/plugins/com.st.stm32cube.ide.mcu.externaltools.gnu-tools-for-stm32.10.3-2021.10.win32_1.0.0.202111181127/tools/bin/../lib/gcc/arm-none-eabi/10.3.1/thumb/v7e-m+fp/hard/crtn.o
 *(.fini)
 .fini          0x000000000800a4ec        0x4 c:/st/stm32cubeide_1.10.0/stm32cubeide/plugins/com.st.stm32cube.ide.mcu.externaltools.gnu-tools-for-stm32.10.3-2021.10.win32_1.0.0.202111181127/tools/bin/../lib/gcc/arm-none-eabi/10.3.1/thumb/v7e-m+fp/hard/crti.o
                0x000000000800a4ec                _fini
 .fini          0x000000000800a4f0        0x8 c:/st/stm32cubeide_1.10.0/stm32cubeide/plugins/com.st.stm32cube.ide.mcu.externaltools.gnu-tools-for-stm32.10.3-2021.10.win32_1.0.0.202111181127/tools/bin/../lib/gcc/arm-none-eabi/10.3.1/thumb/v7e-m+fp/hard/crtn.o
                0x000000000800a4f8                . = ALIGN (0x4)
                0x000000000800a4f8                _etext = .

.vfp11_veneer   0x000000000800a4f8        0x0
 .vfp11_veneer  0x000000000800a4f8        0x0 linker stubs

.v4_bx          0x000000000800a4f8        0x0
 .v4_bx         0x000000000800a4f8        0x0 linker stubs

.iplt           0x000000000800a4f8        0x0
 .iplt          0x000000000800a4f8        0x0 c:/st/stm32cubeide_1.10.0/stm32cubeide/plugins/com.st.stm32cube.ide.mcu.externaltools.gnu-tools-for-stm32.10.3-2021.10.win32_1.0.0.202111181127/tools/bin/../lib/gcc/arm-none-eabi/10.3.1/thumb/v7e-m+fp/hard/crtbegin.o

.rodata         0x000000000800a4f8      0x13c
                0x000000000800a4f8                . = ALIGN (0x4)
 *(.rodata)
 .rodata        0x000000000800a4f8       0x80 ./Core/Src/main.o
 .rodata        0x000000000800a578       0x25 ./Core/Src/tof.o
 *fill*         0x000000000800a59d        0x3 
 .rodata        0x000000000800a5a0        0x5 ./Middlewares/Third_Party/FreeRTOS/Source/tasks.o
 *fill*         0x000000000800a5a5        0x3 
 .rodata        0x000000000800a5a8        0xd ./Middlewares/Third_Party/FreeRTOS/Source/timers.o
 *(.rodata*)
 *fill*         0x000000000800a5b5        0x3 
 .rodata.AHBPrescTable
                0x000000000800a5b8       0x10 ./Core/Src/system_stm32f4xx.o
                0x000000000800a5b8                AHBPrescTable
 .rodata.APBPrescTable
                0x000000000800a5c8        0x8 ./Core/Src/system_stm32f4xx.o
                0x000000000800a5c8                APBPrescTable
 .rodata.__sf_fake_stderr
                0x000000000800a5d0       0x20 c:/st/stm32cubeide_1.10.0/stm32cubeide/plugins/com.st.stm32cube.ide.mcu.externaltools.gnu-tools-for-stm32.10.3-2021.10.win32_1.0.0.202111181127/tools/bin/../lib/gcc/arm-none-eabi/10.3.1/../../../../arm-none-eabi/lib/thumb/v7e-m+fp/hard\libc_nano.a(lib_a-findfp.o)
                0x000000000800a5d0                __sf_fake_stderr
 .rodata.__sf_fake_stdin
                0x000000000800a5f0       0x20 c:/st/stm32cubeide_1.10.0/stm32cubeide/plugins/com.st.stm32cube.ide.mcu.externaltools.gnu-tools-for-stm32.10.3-2021.10.win32_1.0.0.202111181127/tools/bin/../lib/gcc/arm-none-eabi/10.3.1/../../../../arm-none-eabi/lib/thumb/v7e-m+fp/hard\libc_nano.a(lib_a-findfp.o)
                0x000000000800a5f0                __sf_fake_stdin
 .rodata.__sf_fake_stdout
                0x000000000800a610       0x20 c:/st/stm32cubeide_1.10.0/stm32cubeide/plugins/com.st.stm32cube.ide.mcu.externaltools.gnu-tools-for-stm32.10.3-2021.10.win32_1.0.0.202111181127/tools/bin/../lib/gcc/arm-none-eabi/10.3.1/../../../../arm-none-eabi/lib/thumb/v7e-m+fp/hard\libc_nano.a(lib_a-findfp.o)
                0x000000000800a610                __sf_fake_stdout
 .rodata._global_impure_ptr
                0x000000000800a630        0x4 c:/st/stm32cubeide_1.10.0/stm32cubeide/plugins/com.st.stm32cube.ide.mcu.externaltools.gnu-tools-for-stm32.10.3-2021.10.win32_1.0.0.202111181127/tools/bin/../lib/gcc/arm-none-eabi/10.3.1/../../../../arm-none-eabi/lib/thumb/v7e-m+fp/hard\libc_nano.a(lib_a-impure.o)
                0x000000000800a630                _global_impure_ptr
                0x000000000800a634                . = ALIGN (0x4)

.ARM.extab      0x000000000800a634        0x0
                0x000000000800a634                . = ALIGN (0x4)
 *(.ARM.extab* .gnu.linkonce.armextab.*)
                0x000000000800a634                . = ALIGN (0x4)

.ARM            0x000000000800a634        0x8
                0x000000000800a634                . = ALIGN (0x4)
                0x000000000800a634                __exidx_start = .
 *(.ARM.exidx*)
 .ARM.exidx     0x000000000800a634        0x8 c:/st/stm32cubeide_1.10.0/stm32cubeide/plugins/com.st.stm32cube.ide.mcu.externaltools.gnu-tools-for-stm32.10.3-2021.10.win32_1.0.0.202111181127/tools/bin/../lib/gcc/arm-none-eabi/10.3.1/thumb/v7e-m+fp/hard\libgcc.a(_udivmoddi4.o)
                0x000000000800a63c                __exidx_end = .
                0x000000000800a63c                . = ALIGN (0x4)

.rel.dyn        0x000000000800a63c        0x0
 .rel.iplt      0x000000000800a63c        0x0 c:/st/stm32cubeide_1.10.0/stm32cubeide/plugins/com.st.stm32cube.ide.mcu.externaltools.gnu-tools-for-stm32.10.3-2021.10.win32_1.0.0.202111181127/tools/bin/../lib/gcc/arm-none-eabi/10.3.1/thumb/v7e-m+fp/hard/crtbegin.o

.preinit_array  0x000000000800a63c        0x0
                0x000000000800a63c                . = ALIGN (0x4)
                0x000000000800a63c                PROVIDE (__preinit_array_start = .)
 *(.preinit_array*)
                0x000000000800a63c                PROVIDE (__preinit_array_end = .)
                0x000000000800a63c                . = ALIGN (0x4)

.init_array     0x000000000800a63c        0x4
                0x000000000800a63c                . = ALIGN (0x4)
                0x000000000800a63c                PROVIDE (__init_array_start = .)
 *(SORT_BY_NAME(.init_array.*))
 *(.init_array*)
 .init_array    0x000000000800a63c        0x4 c:/st/stm32cubeide_1.10.0/stm32cubeide/plugins/com.st.stm32cube.ide.mcu.externaltools.gnu-tools-for-stm32.10.3-2021.10.win32_1.0.0.202111181127/tools/bin/../lib/gcc/arm-none-eabi/10.3.1/thumb/v7e-m+fp/hard/crtbegin.o
                0x000000000800a640                PROVIDE (__init_array_end = .)
                0x000000000800a640                . = ALIGN (0x4)

.fini_array     0x000000000800a640        0x4
                0x000000000800a640                . = ALIGN (0x4)
                [!provide]                        PROVIDE (__fini_array_start = .)
 *(SORT_BY_NAME(.fini_array.*))
 *(.fini_array*)
 .fini_array    0x000000000800a640        0x4 c:/st/stm32cubeide_1.10.0/stm32cubeide/plugins/com.st.stm32cube.ide.mcu.externaltools.gnu-tools-for-stm32.10.3-2021.10.win32_1.0.0.202111181127/tools/bin/../lib/gcc/arm-none-eabi/10.3.1/thumb/v7e-m+fp/hard/crtbegin.o
                [!provide]                        PROVIDE (__fini_array_end = .)
                0x000000000800a644                . = ALIGN (0x4)
                0x000000000800a644                _sidata = LOADADDR (.data)

.data           0x0000000020000000      0x160 load address 0x000000000800a644
                0x0000000020000000                . = ALIGN (0x4)
                0x0000000020000000                _sdata = .
 *(.data)
 *(.data*)
 .data.lifter_dir
                0x0000000020000000        0x1 ./Core/Src/main.o
                0x0000000020000000                lifter_dir
 .data.first_up_flag
                0x0000000020000001        0x1 ./Core/Src/main.o
                0x0000000020000001                first_up_flag
 .data.first_down_flag
                0x0000000020000002        0x1 ./Core/Src/main.o
                0x0000000020000002                first_down_flag
 *fill*         0x0000000020000003        0x1 
 .data.SystemCoreClock
                0x0000000020000004        0x4 ./Core/Src/system_stm32f4xx.o
                0x0000000020000004                SystemCoreClock
 .data.ucI2CMode
                0x0000000020000008        0x9 ./Core/Src/tof.o
                0x0000000020000008                ucI2CMode
 *fill*         0x0000000020000011        0x3 
 .data.ucI2CMode2
                0x0000000020000014        0x7 ./Core/Src/tof.o
                0x0000000020000014                ucI2CMode2
 *fill*         0x000000002000001b        0x1 
 .data.ucSPAD0  0x000000002000001c        0x9 ./Core/Src/tof.o
                0x000000002000001c                ucSPAD0
 *fill*         0x0000000020000025        0x3 
 .data.ucSPAD1  0x0000000020000028        0xb ./Core/Src/tof.o
                0x0000000020000028                ucSPAD1
 *fill*         0x0000000020000033        0x1 
 .data.ucSPAD2  0x0000000020000034        0x9 ./Core/Src/tof.o
                0x0000000020000034                ucSPAD2
 *fill*         0x000000002000003d        0x3 
 .data.ucSPAD   0x0000000020000040        0xb ./Core/Src/tof.o
                0x0000000020000040                ucSPAD
 *fill*         0x000000002000004b        0x1 
 .data.ucDefTuning
                0x000000002000004c       0xa1 ./Core/Src/tof.o
                0x000000002000004c                ucDefTuning
 *fill*         0x00000000200000ed        0x3 
 .data.uwTickPrio
                0x00000000200000f0        0x4 ./Drivers/STM32F4xx_HAL_Driver/Src/stm32f4xx_hal.o
                0x00000000200000f0                uwTickPrio
 .data.uwTickFreq
                0x00000000200000f4        0x1 ./Drivers/STM32F4xx_HAL_Driver/Src/stm32f4xx_hal.o
                0x00000000200000f4                uwTickFreq
 *fill*         0x00000000200000f5        0x3 
 .data.uxCriticalNesting
                0x00000000200000f8        0x4 ./Middlewares/Third_Party/FreeRTOS/Source/portable/GCC/ARM_CM4F/port.o
 .data._impure_ptr
                0x00000000200000fc        0x4 c:/st/stm32cubeide_1.10.0/stm32cubeide/plugins/com.st.stm32cube.ide.mcu.externaltools.gnu-tools-for-stm32.10.3-2021.10.win32_1.0.0.202111181127/tools/bin/../lib/gcc/arm-none-eabi/10.3.1/../../../../arm-none-eabi/lib/thumb/v7e-m+fp/hard\libc_nano.a(lib_a-impure.o)
                0x00000000200000fc                _impure_ptr
 .data.impure_data
                0x0000000020000100       0x60 c:/st/stm32cubeide_1.10.0/stm32cubeide/plugins/com.st.stm32cube.ide.mcu.externaltools.gnu-tools-for-stm32.10.3-2021.10.win32_1.0.0.202111181127/tools/bin/../lib/gcc/arm-none-eabi/10.3.1/../../../../arm-none-eabi/lib/thumb/v7e-m+fp/hard\libc_nano.a(lib_a-impure.o)
 *(.RamFunc)
 *(.RamFunc*)
                0x0000000020000160                . = ALIGN (0x4)
                0x0000000020000160                _edata = .

.igot.plt       0x0000000020000160        0x0 load address 0x000000000800a7a4
 .igot.plt      0x0000000020000160        0x0 c:/st/stm32cubeide_1.10.0/stm32cubeide/plugins/com.st.stm32cube.ide.mcu.externaltools.gnu-tools-for-stm32.10.3-2021.10.win32_1.0.0.202111181127/tools/bin/../lib/gcc/arm-none-eabi/10.3.1/thumb/v7e-m+fp/hard/crtbegin.o
                0x0000000020000160                . = ALIGN (0x4)

.bss            0x0000000020000160     0x47c0 load address 0x000000000800a7a4
                0x0000000020000160                _sbss = .
                0x0000000020000160                __bss_start__ = _sbss
 *(.bss)
 .bss           0x0000000020000160       0x1c c:/st/stm32cubeide_1.10.0/stm32cubeide/plugins/com.st.stm32cube.ide.mcu.externaltools.gnu-tools-for-stm32.10.3-2021.10.win32_1.0.0.202111181127/tools/bin/../lib/gcc/arm-none-eabi/10.3.1/thumb/v7e-m+fp/hard/crtbegin.o
 *(.bss*)
 .bss.xIdleTaskTCBBuffer
                0x000000002000017c       0xb4 ./Core/Src/freertos.o
 .bss.xIdleStack
                0x0000000020000230      0x200 ./Core/Src/freertos.o
 .bss.xTimerTaskTCBBuffer
                0x0000000020000430       0xb4 ./Core/Src/freertos.o
 .bss.xTimerStack
                0x00000000200004e4      0x400 ./Core/Src/freertos.o
 .bss.hadc1     0x00000000200008e4       0x48 ./Core/Src/main.o
                0x00000000200008e4                hadc1
 .bss.hi2c1     0x000000002000092c       0x54 ./Core/Src/main.o
                0x000000002000092c                hi2c1
 .bss.huart1    0x0000000020000980       0x44 ./Core/Src/main.o
                0x0000000020000980                huart1
 .bss.huart2    0x00000000200009c4       0x44 ./Core/Src/main.o
                0x00000000200009c4                huart2
 .bss.MotorControlHandle
                0x0000000020000a08        0x4 ./Core/Src/main.o
                0x0000000020000a08                MotorControlHandle
 .bss.TOFcontrolHandle
                0x0000000020000a0c        0x4 ./Core/Src/main.o
                0x0000000020000a0c                TOFcontrolHandle
 .bss.LifterControlHandle
                0x0000000020000a10        0x4 ./Core/Src/main.o
                0x0000000020000a10                LifterControlHandle
 .bss.timerMutexHandle
                0x0000000020000a14        0x4 ./Core/Src/main.o
                0x0000000020000a14                timerMutexHandle
 .bss.RxByte_uart1
                0x0000000020000a18        0x1 ./Core/Src/main.o
 .bss.RxByte_uart2
                0x0000000020000a19        0x1 ./Core/Src/main.o
 *fill*         0x0000000020000a1a        0x2 
 .bss.speed     0x0000000020000a1c        0x4 ./Core/Src/main.o
 .bss.Vx        0x0000000020000a20        0x4 ./Core/Src/main.o
 .bss.Vy        0x0000000020000a24        0x4 ./Core/Src/main.o
 .bss.Vz        0x0000000020000a28        0x4 ./Core/Src/main.o
 .bss.X         0x0000000020000a2c        0x4 ./Core/Src/main.o
 .bss.Y         0x0000000020000a30        0x4 ./Core/Src/main.o
 .bss.X_ant     0x0000000020000a34        0x4 ./Core/Src/main.o
                0x0000000020000a34                X_ant
 .bss.Y_ant     0x0000000020000a38        0x4 ./Core/Src/main.o
                0x0000000020000a38                Y_ant
 .bss.S1        0x0000000020000a3c        0x4 ./Core/Src/main.o
                0x0000000020000a3c                S1
 .bss.S2        0x0000000020000a40        0x4 ./Core/Src/main.o
                0x0000000020000a40                S2
 .bss.S3        0x0000000020000a44        0x4 ./Core/Src/main.o
                0x0000000020000a44                S3
 .bss.S4        0x0000000020000a48        0x4 ./Core/Src/main.o
                0x0000000020000a48                S4
 .bss.distance_1
                0x0000000020000a4c        0x4 ./Core/Src/main.o
 .bss.distance_2
                0x0000000020000a50        0x4 ./Core/Src/main.o
 .bss.distance_3
                0x0000000020000a54        0x4 ./Core/Src/main.o
 .bss.distance_4
                0x0000000020000a58        0x4 ./Core/Src/main.o
 .bss.counter   0x0000000020000a5c        0x4 ./Core/Src/main.o
 .bss.dev_state
                0x0000000020000a60        0x1 ./Core/Src/main.o
                0x0000000020000a60                dev_state
 *fill*         0x0000000020000a61        0x3 
 .bss.vbat_value
                0x0000000020000a64        0x4 ./Core/Src/main.o
 .bss.block_up_flag
                0x0000000020000a68        0x1 ./Core/Src/main.o
                0x0000000020000a68                block_up_flag
 .bss.block_down_flag
                0x0000000020000a69        0x1 ./Core/Src/main.o
                0x0000000020000a69                block_down_flag
 .bss.block_right
                0x0000000020000a6a        0x1 ./Core/Src/main.o
                0x0000000020000a6a                block_right
 .bss.block_left
                0x0000000020000a6b        0x1 ./Core/Src/main.o
                0x0000000020000a6b                block_left
 .bss.block_forward
                0x0000000020000a6c        0x1 ./Core/Src/main.o
                0x0000000020000a6c                block_forward
 .bss.block_backward
                0x0000000020000a6d        0x1 ./Core/Src/main.o
                0x0000000020000a6d                block_backward
 *fill*         0x0000000020000a6e        0x2 
 .bss.__sbrk_heap_end
                0x0000000020000a70        0x4 ./Core/Src/sysmem.o
 .bss.stop_variable
                0x0000000020000a74        0x1 ./Core/Src/tof.o
 *fill*         0x0000000020000a75        0x3 
 .bss.measurement_timing_budget_us
                0x0000000020000a78        0x4 ./Core/Src/tof.o
 .bss.uwTick    0x0000000020000a7c        0x4 ./Drivers/STM32F4xx_HAL_Driver/Src/stm32f4xx_hal.o
                0x0000000020000a7c                uwTick
 .bss.xQueueRegistry
                0x0000000020000a80       0x40 ./Middlewares/Third_Party/FreeRTOS/Source/queue.o
                0x0000000020000a80                xQueueRegistry
 .bss.pxCurrentTCB
                0x0000000020000ac0        0x4 ./Middlewares/Third_Party/FreeRTOS/Source/tasks.o
                0x0000000020000ac0                pxCurrentTCB
 .bss.pxReadyTasksLists
                0x0000000020000ac4       0x8c ./Middlewares/Third_Party/FreeRTOS/Source/tasks.o
 .bss.xDelayedTaskList1
                0x0000000020000b50       0x14 ./Middlewares/Third_Party/FreeRTOS/Source/tasks.o
 .bss.xDelayedTaskList2
                0x0000000020000b64       0x14 ./Middlewares/Third_Party/FreeRTOS/Source/tasks.o
 .bss.pxDelayedTaskList
                0x0000000020000b78        0x4 ./Middlewares/Third_Party/FreeRTOS/Source/tasks.o
 .bss.pxOverflowDelayedTaskList
                0x0000000020000b7c        0x4 ./Middlewares/Third_Party/FreeRTOS/Source/tasks.o
 .bss.xPendingReadyList
                0x0000000020000b80       0x14 ./Middlewares/Third_Party/FreeRTOS/Source/tasks.o
 .bss.xTasksWaitingTermination
                0x0000000020000b94       0x14 ./Middlewares/Third_Party/FreeRTOS/Source/tasks.o
 .bss.uxDeletedTasksWaitingCleanUp
                0x0000000020000ba8        0x4 ./Middlewares/Third_Party/FreeRTOS/Source/tasks.o
 .bss.xSuspendedTaskList
                0x0000000020000bac       0x14 ./Middlewares/Third_Party/FreeRTOS/Source/tasks.o
 .bss.uxCurrentNumberOfTasks
                0x0000000020000bc0        0x4 ./Middlewares/Third_Party/FreeRTOS/Source/tasks.o
 .bss.xTickCount
                0x0000000020000bc4        0x4 ./Middlewares/Third_Party/FreeRTOS/Source/tasks.o
 .bss.uxTopReadyPriority
                0x0000000020000bc8        0x4 ./Middlewares/Third_Party/FreeRTOS/Source/tasks.o
 .bss.xSchedulerRunning
                0x0000000020000bcc        0x4 ./Middlewares/Third_Party/FreeRTOS/Source/tasks.o
 .bss.xPendedTicks
                0x0000000020000bd0        0x4 ./Middlewares/Third_Party/FreeRTOS/Source/tasks.o
 .bss.xYieldPending
                0x0000000020000bd4        0x4 ./Middlewares/Third_Party/FreeRTOS/Source/tasks.o
 .bss.xNumOfOverflows
                0x0000000020000bd8        0x4 ./Middlewares/Third_Party/FreeRTOS/Source/tasks.o
 .bss.uxTaskNumber
                0x0000000020000bdc        0x4 ./Middlewares/Third_Party/FreeRTOS/Source/tasks.o
 .bss.xNextTaskUnblockTime
                0x0000000020000be0        0x4 ./Middlewares/Third_Party/FreeRTOS/Source/tasks.o
 .bss.xIdleTaskHandle
                0x0000000020000be4        0x4 ./Middlewares/Third_Party/FreeRTOS/Source/tasks.o
 .bss.uxSchedulerSuspended
                0x0000000020000be8        0x4 ./Middlewares/Third_Party/FreeRTOS/Source/tasks.o
 .bss.xActiveTimerList1
                0x0000000020000bec       0x14 ./Middlewares/Third_Party/FreeRTOS/Source/timers.o
 .bss.xActiveTimerList2
                0x0000000020000c00       0x14 ./Middlewares/Third_Party/FreeRTOS/Source/timers.o
 .bss.pxCurrentTimerList
                0x0000000020000c14        0x4 ./Middlewares/Third_Party/FreeRTOS/Source/timers.o
 .bss.pxOverflowTimerList
                0x0000000020000c18        0x4 ./Middlewares/Third_Party/FreeRTOS/Source/timers.o
 .bss.xTimerQueue
                0x0000000020000c1c        0x4 ./Middlewares/Third_Party/FreeRTOS/Source/timers.o
 .bss.xTimerTaskHandle
                0x0000000020000c20        0x4 ./Middlewares/Third_Party/FreeRTOS/Source/timers.o
 .bss.xLastTime.2
                0x0000000020000c24        0x4 ./Middlewares/Third_Party/FreeRTOS/Source/timers.o
 .bss.ucStaticTimerQueueStorage.1
                0x0000000020000c28       0x78 ./Middlewares/Third_Party/FreeRTOS/Source/timers.o
 .bss.xStaticTimerQueue.0
                0x0000000020000ca0       0x48 ./Middlewares/Third_Party/FreeRTOS/Source/timers.o
 .bss.ucMaxSysCallPriority
                0x0000000020000ce8        0x1 ./Middlewares/Third_Party/FreeRTOS/Source/portable/GCC/ARM_CM4F/port.o
 *fill*         0x0000000020000ce9        0x3 
 .bss.ulMaxPRIGROUPValue
                0x0000000020000cec        0x4 ./Middlewares/Third_Party/FreeRTOS/Source/portable/GCC/ARM_CM4F/port.o
 .bss.ucHeap    0x0000000020000cf0     0x3c00 ./Middlewares/Third_Party/FreeRTOS/Source/portable/MemMang/heap_4.o
 .bss.xStart    0x00000000200048f0        0x8 ./Middlewares/Third_Party/FreeRTOS/Source/portable/MemMang/heap_4.o
 .bss.pxEnd     0x00000000200048f8        0x4 ./Middlewares/Third_Party/FreeRTOS/Source/portable/MemMang/heap_4.o
 .bss.xFreeBytesRemaining
                0x00000000200048fc        0x4 ./Middlewares/Third_Party/FreeRTOS/Source/portable/MemMang/heap_4.o
 .bss.xMinimumEverFreeBytesRemaining
                0x0000000020004900        0x4 ./Middlewares/Third_Party/FreeRTOS/Source/portable/MemMang/heap_4.o
 .bss.xNumberOfSuccessfulAllocations
                0x0000000020004904        0x4 ./Middlewares/Third_Party/FreeRTOS/Source/portable/MemMang/heap_4.o
 .bss.xNumberOfSuccessfulFrees
                0x0000000020004908        0x4 ./Middlewares/Third_Party/FreeRTOS/Source/portable/MemMang/heap_4.o
 .bss.xBlockAllocatedBit
                0x000000002000490c        0x4 ./Middlewares/Third_Party/FreeRTOS/Source/portable/MemMang/heap_4.o
 .bss.__lock___malloc_recursive_mutex
                0x0000000020004910        0x1 c:/st/stm32cubeide_1.10.0/stm32cubeide/plugins/com.st.stm32cube.ide.mcu.externaltools.gnu-tools-for-stm32.10.3-2021.10.win32_1.0.0.202111181127/tools/bin/../lib/gcc/arm-none-eabi/10.3.1/../../../../arm-none-eabi/lib/thumb/v7e-m+fp/hard\libc_nano.a(lib_a-lock.o)
                0x0000000020004910                __lock___malloc_recursive_mutex
 .bss.__lock___sfp_recursive_mutex
                0x0000000020004911        0x1 c:/st/stm32cubeide_1.10.0/stm32cubeide/plugins/com.st.stm32cube.ide.mcu.externaltools.gnu-tools-for-stm32.10.3-2021.10.win32_1.0.0.202111181127/tools/bin/../lib/gcc/arm-none-eabi/10.3.1/../../../../arm-none-eabi/lib/thumb/v7e-m+fp/hard\libc_nano.a(lib_a-lock.o)
                0x0000000020004911                __lock___sfp_recursive_mutex
 .bss.__lock___sinit_recursive_mutex
                0x0000000020004912        0x1 c:/st/stm32cubeide_1.10.0/stm32cubeide/plugins/com.st.stm32cube.ide.mcu.externaltools.gnu-tools-for-stm32.10.3-2021.10.win32_1.0.0.202111181127/tools/bin/../lib/gcc/arm-none-eabi/10.3.1/../../../../arm-none-eabi/lib/thumb/v7e-m+fp/hard\libc_nano.a(lib_a-lock.o)
                0x0000000020004912                __lock___sinit_recursive_mutex
 *fill*         0x0000000020004913        0x1 
 .bss.__malloc_free_list
                0x0000000020004914        0x4 c:/st/stm32cubeide_1.10.0/stm32cubeide/plugins/com.st.stm32cube.ide.mcu.externaltools.gnu-tools-for-stm32.10.3-2021.10.win32_1.0.0.202111181127/tools/bin/../lib/gcc/arm-none-eabi/10.3.1/../../../../arm-none-eabi/lib/thumb/v7e-m+fp/hard\libc_nano.a(lib_a-nano-mallocr.o)
                0x0000000020004914                __malloc_free_list
 .bss.__malloc_sbrk_start
                0x0000000020004918        0x4 c:/st/stm32cubeide_1.10.0/stm32cubeide/plugins/com.st.stm32cube.ide.mcu.externaltools.gnu-tools-for-stm32.10.3-2021.10.win32_1.0.0.202111181127/tools/bin/../lib/gcc/arm-none-eabi/10.3.1/../../../../arm-none-eabi/lib/thumb/v7e-m+fp/hard\libc_nano.a(lib_a-nano-mallocr.o)
                0x0000000020004918                __malloc_sbrk_start
 .bss.errno     0x000000002000491c        0x4 c:/st/stm32cubeide_1.10.0/stm32cubeide/plugins/com.st.stm32cube.ide.mcu.externaltools.gnu-tools-for-stm32.10.3-2021.10.win32_1.0.0.202111181127/tools/bin/../lib/gcc/arm-none-eabi/10.3.1/../../../../arm-none-eabi/lib/thumb/v7e-m+fp/hard\libc_nano.a(lib_a-reent.o)
                0x000000002000491c                errno
 *(COMMON)
                0x0000000020004920                . = ALIGN (0x4)
                0x0000000020004920                _ebss = .
                0x0000000020004920                __bss_end__ = _ebss

._user_heap_stack
                0x0000000020004920      0x600 load address 0x000000000800a7a4
                0x0000000020004920                . = ALIGN (0x8)
                [!provide]                        PROVIDE (end = .)
                0x0000000020004920                PROVIDE (_end = .)
                0x0000000020004b20                . = (. + _Min_Heap_Size)
 *fill*         0x0000000020004920      0x200 
                0x0000000020004f20                . = (. + _Min_Stack_Size)
 *fill*         0x0000000020004b20      0x400 
                0x0000000020004f20                . = ALIGN (0x8)

/DISCARD/
 libc.a(*)
 libm.a(*)
 libgcc.a(*)

.ARM.attributes
                0x0000000000000000       0x30
 *(.ARM.attributes)
 .ARM.attributes
                0x0000000000000000       0x1e c:/st/stm32cubeide_1.10.0/stm32cubeide/plugins/com.st.stm32cube.ide.mcu.externaltools.gnu-tools-for-stm32.10.3-2021.10.win32_1.0.0.202111181127/tools/bin/../lib/gcc/arm-none-eabi/10.3.1/thumb/v7e-m+fp/hard/crti.o
 .ARM.attributes
                0x000000000000001e       0x34 c:/st/stm32cubeide_1.10.0/stm32cubeide/plugins/com.st.stm32cube.ide.mcu.externaltools.gnu-tools-for-stm32.10.3-2021.10.win32_1.0.0.202111181127/tools/bin/../lib/gcc/arm-none-eabi/10.3.1/thumb/v7e-m+fp/hard/crtbegin.o
 .ARM.attributes
                0x0000000000000052       0x34 ./Core/Src/freertos.o
 .ARM.attributes
                0x0000000000000086       0x34 ./Core/Src/main.o
 .ARM.attributes
                0x00000000000000ba       0x34 ./Core/Src/stm32f4xx_hal_msp.o
 .ARM.attributes
                0x00000000000000ee       0x34 ./Core/Src/stm32f4xx_it.o
 .ARM.attributes
                0x0000000000000122       0x34 ./Core/Src/syscalls.o
 .ARM.attributes
                0x0000000000000156       0x34 ./Core/Src/sysmem.o
 .ARM.attributes
                0x000000000000018a       0x34 ./Core/Src/system_stm32f4xx.o
 .ARM.attributes
                0x00000000000001be       0x34 ./Core/Src/tof.o
 .ARM.attributes
                0x00000000000001f2       0x21 ./Core/Startup/startup_stm32f401retx.o
 .ARM.attributes
                0x0000000000000213       0x34 ./Drivers/STM32F4xx_HAL_Driver/Src/stm32f4xx_hal.o
 .ARM.attributes