../Core/Src/main.c:208:6:vTimerCallback	16	static
../Core/Src/main.c:259:5:main	112	static
../Core/Src/main.c:386:6:SystemClock_Config	88	static
../Core/Src/main.c:433:13:MX_ADC1_Init	24	static
../Core/Src/main.c:485:13:MX_I2C1_Init	8	static
../Core/Src/main.c:519:13:MX_USART1_UART_Init	8	static
../Core/Src/main.c:552:13:MX_USART2_UART_Init	8	static
../Core/Src/main.c:585:13:MX_GPIO_Init	40	static
../Core/Src/main.c:657:6:HAL_UART_RxCpltCallback	16	static
../Core/Src/main.c:768:6:HAL_GPIO_EXTI_Callback	16	static
../Core/Src/main.c:791:5:GetAbsValue	16	static
../Core/Src/main.c:798:19:configTOF	24	static
../Core/Src/main.c:823:13:initSensorsVL53L0X	8	static
../Core/Src/main.c:832:14:ReadADClevel	16	static
../Core/Src/main.c:859:13:enableMovingMotors	8	static
../Core/Src/main.c:866:13:disableMovingMotors	8	static
../Core/Src/main.c:873:13:enableLifterMotor	8	static
../Core/Src/main.c:877:13:disableLifterMotor	8	static
../Core/Src/main.c:881:13:enterStopState	8	static
../Core/Src/main.c:889:13:enterMovingState	8	static
../Core/Src/main.c:896:13:enterPacketState	8	static
../Core/Src/main.c:907:13:setMicrostepping	16	static
../Core/Src/main.c:933:13:SendReleaseMessage	16	static
../Core/Src/main.c:949:6:MotorMotionControl	24	static
../Core/Src/main.c:1026:6:GetTOFDistance	16	static
../Core/Src/main.c:1056:6:LifterMotionControl	16	static
../Core/Src/main.c:1077:6:Error_Handler	4	static,ignoring_inline_asm
